Archive member included because of file (symbol)

C:\marmalade\7.0\s3e\edk\lib\android\libedk.a(IwDebug.o)
                              debug\AmazonIAP_platform.os (IwDebugTraceSetTraceChannel)
C:\marmalade\7.0\s3e\edk\lib\android\libedk.a(edk_helpers.o)
                              debug\AmazonIAP_platform.os (s3eEdkThreadRunOnOS)
C:\Android\android-ndk-r8d\sources\cxx-stl\gnu-libstdc++\4.4.3\libs\armeabi\libgnustl_static.a(new_opv.o)
                              debug\AmazonIAP_platform.os (operator new[](unsigned int))
C:\Android\android-ndk-r8d\sources\cxx-stl\gnu-libstdc++\4.4.3\libs\armeabi\libgnustl_static.a(eh_arm.o)
                              C:\Android\android-ndk-r8d\sources\cxx-stl\gnu-libstdc++\4.4.3\libs\armeabi\libgnustl_static.a(new_opv.o) (__cxa_end_cleanup)
C:\Android\android-ndk-r8d\sources\cxx-stl\gnu-libstdc++\4.4.3\libs\armeabi\libgnustl_static.a(eh_aux_runtime.o)
                              C:\Android\android-ndk-r8d\sources\cxx-stl\gnu-libstdc++\4.4.3\libs\armeabi\libgnustl_static.a(eh_arm.o) (__cxa_bad_typeid)
C:\Android\android-ndk-r8d\sources\cxx-stl\gnu-libstdc++\4.4.3\libs\armeabi\libgnustl_static.a(eh_call.o)
                              C:\Android\android-ndk-r8d\sources\cxx-stl\gnu-libstdc++\4.4.3\libs\armeabi\libgnustl_static.a(new_opv.o) (__cxa_call_unexpected)
C:\Android\android-ndk-r8d\sources\cxx-stl\gnu-libstdc++\4.4.3\libs\armeabi\libgnustl_static.a(eh_catch.o)
                              C:\Android\android-ndk-r8d\sources\cxx-stl\gnu-libstdc++\4.4.3\libs\armeabi\libgnustl_static.a(eh_call.o) (__cxa_end_catch)
C:\Android\android-ndk-r8d\sources\cxx-stl\gnu-libstdc++\4.4.3\libs\armeabi\libgnustl_static.a(eh_exception.o)
                              C:\Android\android-ndk-r8d\sources\cxx-stl\gnu-libstdc++\4.4.3\libs\armeabi\libgnustl_static.a(eh_call.o) (vtable for std::bad_exception)
C:\Android\android-ndk-r8d\sources\cxx-stl\gnu-libstdc++\4.4.3\libs\armeabi\libgnustl_static.a(eh_globals.o)
                              C:\Android\android-ndk-r8d\sources\cxx-stl\gnu-libstdc++\4.4.3\libs\armeabi\libgnustl_static.a(eh_call.o) (__cxa_get_globals_fast)
C:\Android\android-ndk-r8d\sources\cxx-stl\gnu-libstdc++\4.4.3\libs\armeabi\libgnustl_static.a(eh_personality.o)
                              C:\Android\android-ndk-r8d\sources\cxx-stl\gnu-libstdc++\4.4.3\libs\armeabi\libgnustl_static.a(new_opv.o) (__gxx_personality_v0)
C:\Android\android-ndk-r8d\sources\cxx-stl\gnu-libstdc++\4.4.3\libs\armeabi\libgnustl_static.a(eh_terminate.o)
                              C:\Android\android-ndk-r8d\sources\cxx-stl\gnu-libstdc++\4.4.3\libs\armeabi\libgnustl_static.a(eh_call.o) (__cxxabiv1::__terminate(void (*)()))
C:\Android\android-ndk-r8d\sources\cxx-stl\gnu-libstdc++\4.4.3\libs\armeabi\libgnustl_static.a(eh_throw.o)
                              C:\Android\android-ndk-r8d\sources\cxx-stl\gnu-libstdc++\4.4.3\libs\armeabi\libgnustl_static.a(eh_call.o) (__cxa_rethrow)
C:\Android\android-ndk-r8d\sources\cxx-stl\gnu-libstdc++\4.4.3\libs\armeabi\libgnustl_static.a(eh_unex_handler.o)
                              C:\Android\android-ndk-r8d\sources\cxx-stl\gnu-libstdc++\4.4.3\libs\armeabi\libgnustl_static.a(eh_terminate.o) (__cxxabiv1::__unexpected_handler)
C:\Android\android-ndk-r8d\sources\cxx-stl\gnu-libstdc++\4.4.3\libs\armeabi\libgnustl_static.a(fundamental_type_info.o)
                              C:\Android\android-ndk-r8d\sources\cxx-stl\gnu-libstdc++\4.4.3\libs\armeabi\libgnustl_static.a(eh_arm.o) (typeinfo for void)
C:\Android\android-ndk-r8d\sources\cxx-stl\gnu-libstdc++\4.4.3\libs\armeabi\libgnustl_static.a(new_handler.o)
                              C:\Android\android-ndk-r8d\sources\cxx-stl\gnu-libstdc++\4.4.3\libs\armeabi\libgnustl_static.a(new_opv.o) (typeinfo for std::bad_alloc)
C:\Android\android-ndk-r8d\sources\cxx-stl\gnu-libstdc++\4.4.3\libs\armeabi\libgnustl_static.a(new_op.o)
                              C:\Android\android-ndk-r8d\sources\cxx-stl\gnu-libstdc++\4.4.3\libs\armeabi\libgnustl_static.a(new_opv.o) (operator new(unsigned int))
C:\Android\android-ndk-r8d\sources\cxx-stl\gnu-libstdc++\4.4.3\libs\armeabi\libgnustl_static.a(pointer_type_info.o)
                              C:\Android\android-ndk-r8d\sources\cxx-stl\gnu-libstdc++\4.4.3\libs\armeabi\libgnustl_static.a(fundamental_type_info.o) (vtable for __cxxabiv1::__pointer_type_info)
C:\Android\android-ndk-r8d\sources\cxx-stl\gnu-libstdc++\4.4.3\libs\armeabi\libgnustl_static.a(pure.o)
                              C:\Android\android-ndk-r8d\sources\cxx-stl\gnu-libstdc++\4.4.3\libs\armeabi\libgnustl_static.a(eh_exception.o) (__cxa_pure_virtual)
C:\Android\android-ndk-r8d\sources\cxx-stl\gnu-libstdc++\4.4.3\libs\armeabi\libgnustl_static.a(si_class_type_info.o)
                              C:\Android\android-ndk-r8d\sources\cxx-stl\gnu-libstdc++\4.4.3\libs\armeabi\libgnustl_static.a(eh_exception.o) (vtable for __cxxabiv1::__si_class_type_info)
[...]
Memory Configuration

Name             Origin             Length             Attributes
*default*        0x00000000         0xffffffff

Linker script and memory map

LOAD C:/Android/android-ndk-r8d/platforms/android-9/arch-arm/usr/lib/crtbegin_so.o
LOAD debug\AmazonIAP_platform.os
LOAD debug\AmazonIAP.os
LOAD debug\AmazonIAP_register.os
LOAD C:\marmalade\7.0\s3e\edk\lib\android\libedk.a
LOAD C:\marmalade\7.0\s3e\edk\lib\android/libplaceholderplaceholderplaceholderplaceholderplaceholder.so
LOAD C:\Android\android-ndk-r8d\platforms\android-9\arch-arm\usr\lib/liblog.so
LOAD C:\Android\android-ndk-r8d\sources\cxx-stl\gnu-libstdc++\4.4.3\libs\armeabi\libgnustl_static.a
LOAD c:/Android/android-ndk-r8d/toolchains/arm-linux-androideabi-4.4.3/prebuilt/windows/bin/../lib/gcc/arm-linux-androideabi/4.4.3\libgcc.a
LOAD C:\Android\android-ndk-r8d\platforms\android-9\arch-arm\usr\lib/libstdc++.so
LOAD C:\Android\android-ndk-r8d\platforms\android-9\arch-arm\usr\lib/libm.so
LOAD C:\Android\android-ndk-r8d\platforms\android-9\arch-arm\usr\lib/libc.so
LOAD c:/Android/android-ndk-r8d/toolchains/arm-linux-androideabi-4.4.3/prebuilt/windows/bin/../lib/gcc/arm-linux-androideabi/4.4.3\libgcc.a
LOAD C:\Android\android-ndk-r8d\platforms\android-9\arch-arm\usr\lib/libc.so
LOAD C:\Android\android-ndk-r8d\platforms\android-9\arch-arm\usr\lib/libdl.so
LOAD c:/Android/android-ndk-r8d/toolchains/arm-linux-androideabi-4.4.3/prebuilt/windows/bin/../lib/gcc/arm-linux-androideabi/4.4.3\libgcc.a
LOAD C:/Android/android-ndk-r8d/platforms/android-9/arch-arm/usr/lib/crtend_so.o
                0x000000f4                . = (0x0 + SIZEOF_HEADERS)

.note.gnu.build-id
 *(.note.gnu.build-id)

.hash           0x000000f4      0x9a0
 *(.hash)
 .hash          0x000000f4      0x9a0 C:/Android/android-ndk-r8d/platforms/android-9/arch-arm/usr/lib/crtbegin_so.o

.gnu.hash
 *(.gnu.hash)

.dynsym         0x00000a94     0x15f0
 *(.dynsym)
 .dynsym        0x00000a94     0x15f0 C:/Android/android-ndk-r8d/platforms/android-9/arch-arm/usr/lib/crtbegin_so.o

.dynstr         0x00002084     0x1a1f
 *(.dynstr)
 .dynstr        0x00002084     0x1a1f C:/Android/android-ndk-r8d/platforms/android-9/arch-arm/usr/lib/crtbegin_so.o

.gnu.version    0x00003aa4        0x0 load address 0x00003aa3
 *(.gnu.version)
 .gnu.version   0x00000000        0x0 C:/Android/android-ndk-r8d/platforms/android-9/arch-arm/usr/lib/crtbegin_so.o

.gnu.version_d  0x00003aa4        0x0 load address 0x00003aa3
 *(.gnu.version_d)
 .gnu.version_d
                0x00000000        0x0 C:/Android/android-ndk-r8d/platforms/android-9/arch-arm/usr/lib/crtbegin_so.o

.gnu.version_r  0x00003aa4        0x0 load address 0x00003aa3
 *(.gnu.version_r)
 .gnu.version_r
                0x00000000        0x0 C:/Android/android-ndk-r8d/platforms/android-9/arch-arm/usr/lib/crtbegin_so.o

.rel.dyn        0x00003aa4      0xf98
 *(.rel.init)
 *(.rel.text .rel.text.* .rel.gnu.linkonce.t.*)
 *(.rel.fini)
 *(.rel.rodata .rel.rodata.* .rel.gnu.linkonce.r.*)
 *(.rel.data.rel.ro* .rel.gnu.linkonce.d.rel.ro.*)
 .rel.data.rel.ro
                0x00003aa4       0x30 C:/Android/android-ndk-r8d/platforms/android-9/arch-arm/usr/lib/crtbegin_so.o
 .rel.data.rel.ro._ZTIN10__cxxabiv115__forced_unwindE
                0x00003ad4       0x10 C:/Android/android-ndk-r8d/platforms/android-9/arch-arm/usr/lib/crtbegin_so.o
 .rel.data.rel.ro._ZTISt9exception
                0x00003ae4       0x10 C:/Android/android-ndk-r8d/platforms/android-9/arch-arm/usr/lib/crtbegin_so.o
 .rel.data.rel.ro._ZTVSt13bad_exception
                0x00003af4       0x20 C:/Android/android-ndk-r8d/platforms/android-9/arch-arm/usr/lib/crtbegin_so.o
 .rel.data.rel.ro._ZTISt13bad_exception
                0x00003b14       0x18 C:/Android/android-ndk-r8d/platforms/android-9/arch-arm/usr/lib/crtbegin_so.o
 .rel.data.rel.ro._ZTIN10__cxxabiv119__foreign_exceptionE
                0x00003b2c       0x10 C:/Android/android-ndk-r8d/platforms/android-9/arch-arm/usr/lib/crtbegin_so.o
 .rel.data.rel.ro._ZTVN10__cxxabiv115__forced_unwindE
                0x00003b3c       0x20 C:/Android/android-ndk-r8d/platforms/android-9/arch-arm/usr/lib/crtbegin_so.o
 .rel.data.rel.ro._ZTVN10__cxxabiv119__foreign_exceptionE
                0x00003b5c       0x20 C:/Android/android-ndk-r8d/platforms/android-9/arch-arm/usr/lib/crtbegin_so.o
 .rel.data.rel.ro._ZTVSt9exception
                0x00003b7c       0x20 C:/Android/android-ndk-r8d/platforms/android-9/arch-arm/usr/lib/crtbegin_so.o
 .rel.data.rel.ro._ZTIPKe
                0x00003b9c       0x18 C:/Android/android-ndk-r8d/platforms/android-9/arch-arm/usr/lib/crtbegin_so.o
 .rel.data.rel.ro._ZTIPe
                0x00003bb4       0x18 C:/Android/android-ndk-r8d/platforms/android-9/arch-arm/usr/lib/crtbegin_so.o
 .rel.data.rel.ro._ZTIe
                0x00003bcc       0x10 C:/Android/android-ndk-r8d/platforms/android-9/arch-arm/usr/lib/crtbegin_so.o
 .rel.data.rel.ro._ZTIPKd
                0x00003bdc       0x18 C:/Android/android-ndk-r8d/platforms/android-9/arch-arm/usr/lib/crtbegin_so.o
 .rel.data.rel.ro._ZTIPd
                0x00003bf4       0x18 C:/Android/android-ndk-r8d/platforms/android-9/arch-arm/usr/lib/crtbegin_so.o
 .rel.data.rel.ro._ZTId
                0x00003c0c       0x10 C:/Android/android-ndk-r8d/platforms/android-9/arch-arm/usr/lib/crtbegin_so.o
 .rel.data.rel.ro._ZTIPKf
                0x00003c1c       0x18 C:/Android/android-ndk-r8d/platforms/android-9/arch-arm/usr/lib/crtbegin_so.o
 .rel.data.rel.ro._ZTIPf
                0x00003c34       0x18 C:/Android/android-ndk-r8d/platforms/android-9/arch-arm/usr/lib/crtbegin_so.o
 .rel.data.rel.ro._ZTIf
                0x00003c4c       0x10 C:/Android/android-ndk-r8d/platforms/android-9/arch-arm/usr/lib/crtbegin_so.o
 .rel.data.rel.ro._ZTIPKy
                0x00003c5c       0x18 C:/Android/android-ndk-r8d/platforms/android-9/arch-arm/usr/lib/crtbegin_so.o
 .rel.data.rel.ro._ZTIPy
                0x00003c74       0x18 C:/Android/android-ndk-r8d/platforms/android-9/arch-arm/usr/lib/crtbegin_so.o
 .rel.data.rel.ro._ZTIy
                0x00003c8c       0x10 C:/Android/android-ndk-r8d/platforms/android-9/arch-arm/usr/lib/crtbegin_so.o
 .rel.data.rel.ro._ZTIPKx
                0x00003c9c       0x18 C:/Android/android-ndk-r8d/platforms/android-9/arch-arm/usr/lib/crtbegin_so.o
 .rel.data.rel.ro._ZTIPx
                0x00003cb4       0x18 C:/Android/android-ndk-r8d/platforms/android-9/arch-arm/usr/lib/crtbegin_so.o
 .rel.data.rel.ro._ZTIx
                0x00003ccc       0x10 C:/Android/android-ndk-r8d/platforms/android-9/arch-arm/usr/lib/crtbegin_so.o
 .rel.data.rel.ro._ZTIPKm
                0x00003cdc       0x18 C:/Android/android-ndk-r8d/platforms/android-9/arch-arm/usr/lib/crtbegin_so.o
 .rel.data.rel.ro._ZTIPm
                0x00003cf4       0x18 C:/Android/android-ndk-r8d/platforms/android-9/arch-arm/usr/lib/crtbegin_so.o
 .rel.data.rel.ro._ZTIm
                0x00003d0c       0x10 C:/Android/android-ndk-r8d/platforms/android-9/arch-arm/usr/lib/crtbegin_so.o
 .rel.data.rel.ro._ZTIPKl
                0x00003d1c       0x18 C:/Android/android-ndk-r8d/platforms/android-9/arch-arm/usr/lib/crtbegin_so.o
 .rel.data.rel.ro._ZTIPl
                0x00003d34       0x18 C:/Android/android-ndk-r8d/platforms/android-9/arch-arm/usr/lib/crtbegin_so.o
 .rel.data.rel.ro._ZTIl
                0x00003d4c       0x10 C:/Android/android-ndk-r8d/platforms/android-9/arch-arm/usr/lib/crtbegin_so.o
 .rel.data.rel.ro._ZTIPKj
                0x00003d5c       0x18 C:/Android/android-ndk-r8d/platforms/android-9/arch-arm/usr/lib/crtbegin_so.o
 .rel.data.rel.ro._ZTIPj
                0x00003d74       0x18 C:/Android/android-ndk-r8d/platforms/android-9/arch-arm/usr/lib/crtbegin_so.o
 .rel.data.rel.ro._ZTIj
                0x00003d8c       0x10 C:/Android/android-ndk-r8d/platforms/android-9/arch-arm/usr/lib/crtbegin_so.o
 .rel.data.rel.ro._ZTIPKi
                0x00003d9c       0x18 C:/Android/android-ndk-r8d/platforms/android-9/arch-arm/usr/lib/crtbegin_so.o
 .rel.data.rel.ro._ZTIPi
                0x00003db4       0x18 C:/Android/android-ndk-r8d/platforms/android-9/arch-arm/usr/lib/crtbegin_so.o
 .rel.data.rel.ro._ZTIi
                0x00003dcc       0x10 C:/Android/android-ndk-r8d/platforms/android-9/arch-arm/usr/lib/crtbegin_so.o
 .rel.data.rel.ro._ZTIPKt
                0x00003ddc       0x18 C:/Android/android-ndk-r8d/platforms/android-9/arch-arm/usr/lib/crtbegin_so.o
 .rel.data.rel.ro._ZTIPt
                0x00003df4       0x18 C:/Android/android-ndk-r8d/platforms/android-9/arch-arm/usr/lib/crtbegin_so.o
 .rel.data.rel.ro._ZTIt
                0x00003e0c       0x10 C:/Android/android-ndk-r8d/platforms/android-9/arch-arm/usr/lib/crtbegin_so.o
 .rel.data.rel.ro._ZTIPKs
                0x00003e1c       0x18 C:/Android/android-ndk-r8d/platforms/android-9/arch-arm/usr/lib/crtbegin_so.o
 .rel.data.rel.ro._ZTIPs
                0x00003e34       0x18 C:/Android/android-ndk-r8d/platforms/android-9/arch-arm/usr/lib/crtbegin_so.o
 .rel.data.rel.ro._ZTIs
                0x00003e4c       0x10 C:/Android/android-ndk-r8d/platforms/android-9/arch-arm/usr/lib/crtbegin_so.o
 .rel.data.rel.ro._ZTIPKh
                0x00003e5c       0x18 C:/Android/android-ndk-r8d/platforms/android-9/arch-arm/usr/lib/crtbegin_so.o
 .rel.data.rel.ro._ZTIPh
                0x00003e74       0x18 C:/Android/android-ndk-r8d/platforms/android-9/arch-arm/usr/lib/crtbegin_so.o
 .rel.data.rel.ro._ZTIh
                0x00003e8c       0x10 C:/Android/android-ndk-r8d/platforms/android-9/arch-arm/usr/lib/crtbegin_so.o
 .rel.data.rel.ro._ZTIPKa
                0x00003e9c       0x18 C:/Android/android-ndk-r8d/platforms/android-9/arch-arm/usr/lib/crtbegin_so.o
 .rel.data.rel.ro._ZTIPa
                0x00003eb4       0x18 C:/Android/android-ndk-r8d/platforms/android-9/arch-arm/usr/lib/crtbegin_so.o
 .rel.data.rel.ro._ZTIa
                0x00003ecc       0x10 C:/Android/android-ndk-r8d/platforms/android-9/arch-arm/usr/lib/crtbegin_so.o
 .rel.data.rel.ro._ZTIPKc
                0x00003edc       0x18 C:/Android/android-ndk-r8d/platforms/android-9/arch-arm/usr/lib/crtbegin_so.o
 .rel.data.rel.ro._ZTIPc
                0x00003ef4       0x18 C:/Android/android-ndk-r8d/platforms/android-9/arch-arm/usr/lib/crtbegin_so.o
 .rel.data.rel.ro._ZTIc
                0x00003f0c       0x10 C:/Android/android-ndk-r8d/platforms/android-9/arch-arm/usr/lib/crtbegin_so.o
 .rel.data.rel.ro._ZTIPKDi
                0x00003f1c       0x18 C:/Android/android-ndk-r8d/platforms/android-9/arch-arm/usr/lib/crtbegin_so.o
 .rel.data.rel.ro._ZTIPDi
                0x00003f34       0x18 C:/Android/android-ndk-r8d/platforms/android-9/arch-arm/usr/lib/crtbegin_so.o
 .rel.data.rel.ro._ZTIDi
                0x00003f4c       0x10 C:/Android/android-ndk-r8d/platforms/android-9/arch-arm/usr/lib/crtbegin_so.o
 .rel.data.rel.ro._ZTIPKDs
                0x00003f5c       0x18 C:/Android/android-ndk-r8d/platforms/android-9/arch-arm/usr/lib/crtbegin_so.o
 .rel.data.rel.ro._ZTIPDs
                0x00003f74       0x18 C:/Android/android-ndk-r8d/platforms/android-9/arch-arm/usr/lib/crtbegin_so.o
 .rel.data.rel.ro._ZTIDs
                0x00003f8c       0x10 C:/Android/android-ndk-r8d/platforms/android-9/arch-arm/usr/lib/crtbegin_so.o
 .rel.data.rel.ro._ZTIPKw
                0x00003f9c       0x18 C:/Android/android-ndk-r8d/platforms/android-9/arch-arm/usr/lib/crtbegin_so.o
 .rel.data.rel.ro._ZTIPw
                0x00003fb4       0x18 C:/Android/android-ndk-r8d/platforms/android-9/arch-arm/usr/lib/crtbegin_so.o
 .rel.data.rel.ro._ZTIw
                0x00003fcc       0x10 C:/Android/android-ndk-r8d/platforms/android-9/arch-arm/usr/lib/crtbegin_so.o
 .rel.data.rel.ro._ZTIPKb
                0x00003fdc       0x18 C:/Android/android-ndk-r8d/platforms/android-9/arch-arm/usr/lib/crtbegin_so.o
 .rel.data.rel.ro._ZTIPb
                0x00003ff4       0x18 C:/Android/android-ndk-r8d/platforms/android-9/arch-arm/usr/lib/crtbegin_so.o
 .rel.data.rel.ro._ZTIb
                0x0000400c       0x10 C:/Android/android-ndk-r8d/platforms/android-9/arch-arm/usr/lib/crtbegin_so.o
 .rel.data.rel.ro._ZTIPKv
                0x0000401c       0x18 C:/Android/android-ndk-r8d/platforms/android-9/arch-arm/usr/lib/crtbegin_so.o
 .rel.data.rel.ro._ZTIPv
                0x00004034       0x18 C:/Android/android-ndk-r8d/platforms/android-9/arch-arm/usr/lib/crtbegin_so.o
 .rel.data.rel.ro._ZTIv
                0x0000404c       0x10 C:/Android/android-ndk-r8d/platforms/android-9/arch-arm/usr/lib/crtbegin_so.o
 .rel.data.rel.ro._ZTVN10__cxxabiv123__fundamental_type_infoE
                0x0000405c       0x38 C:/Android/android-ndk-r8d/platforms/android-9/arch-arm/usr/lib/crtbegin_so.o
 .rel.data.rel.ro._ZTIN10__cxxabiv123__fundamental_type_infoE
                0x00004094       0x18 C:/Android/android-ndk-r8d/platforms/android-9/arch-arm/usr/lib/crtbegin_so.o
 .rel.data.rel.ro._ZTISt9bad_alloc
                0x000040ac       0x18 C:/Android/android-ndk-r8d/platforms/android-9/arch-arm/usr/lib/crtbegin_so.o
 .rel.data.rel.ro._ZTVSt9bad_alloc
                0x000040c4       0x20 C:/Android/android-ndk-r8d/platforms/android-9/arch-arm/usr/lib/crtbegin_so.o
 .rel.data.rel.ro._ZTIN10__cxxabiv119__pointer_type_infoE
                0x000040e4       0x18 C:/Android/android-ndk-r8d/platforms/android-9/arch-arm/usr/lib/crtbegin_so.o
 .rel.data.rel.ro._ZTVN10__cxxabiv119__pointer_type_infoE
                0x000040fc       0x40 C:/Android/android-ndk-r8d/platforms/android-9/arch-arm/usr/lib/crtbegin_so.o
 .rel.data.rel.ro._ZTVN10__cxxabiv120__si_class_type_infoE
                0x0000413c       0x50 C:/Android/android-ndk-r8d/platforms/android-9/arch-arm/usr/lib/crtbegin_so.o
 .rel.data.rel.ro._ZTIN10__cxxabiv120__si_class_type_infoE
                0x0000418c       0x18 C:/Android/android-ndk-r8d/platforms/android-9/arch-arm/usr/lib/crtbegin_so.o
 .rel.data.rel.ro._ZTVSt9type_info
                0x00000000        0x0 C:/Android/android-ndk-r8d/platforms/android-9/arch-arm/usr/lib/crtbegin_so.o
 .rel.data.rel.ro._ZTISt9type_info
                0x000041a4       0x10 C:/Android/android-ndk-r8d/platforms/android-9/arch-arm/usr/lib/crtbegin_so.o
 .rel.data.rel.ro._ZTISt8bad_cast
                0x000041b4       0x18 C:/Android/android-ndk-r8d/platforms/android-9/arch-arm/usr/lib/crtbegin_so.o
 .rel.data.rel.ro._ZTVSt8bad_cast
                0x000041cc       0x20 C:/Android/android-ndk-r8d/platforms/android-9/arch-arm/usr/lib/crtbegin_so.o
 .rel.data.rel.ro._ZTVSt10bad_typeid
                0x000041ec       0x20 C:/Android/android-ndk-r8d/platforms/android-9/arch-arm/usr/lib/crtbegin_so.o
 .rel.data.rel.ro._ZTISt10bad_typeid
                0x0000420c       0x18 C:/Android/android-ndk-r8d/platforms/android-9/arch-arm/usr/lib/crtbegin_so.o
 .rel.data.rel.ro._ZTVN10__cxxabiv117__class_type_infoE
                0x00004224       0x50 C:/Android/android-ndk-r8d/platforms/android-9/arch-arm/usr/lib/crtbegin_so.o
 .rel.data.rel.ro._ZTIN10__cxxabiv117__class_type_infoE
                0x00004274       0x18 C:/Android/android-ndk-r8d/platforms/android-9/arch-arm/usr/lib/crtbegin_so.o
 .rel.data.rel.ro._ZTIN9__gnu_cxx24__concurrence_lock_errorE
                0x0000428c       0x18 C:/Android/android-ndk-r8d/platforms/android-9/arch-arm/usr/lib/crtbegin_so.o
 .rel.data.rel.ro._ZTVN9__gnu_cxx24__concurrence_lock_errorE
                0x000042a4       0x20 C:/Android/android-ndk-r8d/platforms/android-9/arch-arm/usr/lib/crtbegin_so.o
 .rel.data.rel.ro._ZTIN9__gnu_cxx26__concurrence_unlock_errorE
                0x000042c4       0x18 C:/Android/android-ndk-r8d/platforms/android-9/arch-arm/usr/lib/crtbegin_so.o
 .rel.data.rel.ro._ZTVN9__gnu_cxx26__concurrence_unlock_errorE
                0x000042dc       0x20 C:/Android/android-ndk-r8d/platforms/android-9/arch-arm/usr/lib/crtbegin_so.o
 .rel.data.rel.ro._ZTVN10__cxxabiv117__pbase_type_infoE
                0x000042fc       0x40 C:/Android/android-ndk-r8d/platforms/android-9/arch-arm/usr/lib/crtbegin_so.o
 .rel.data.rel.ro._ZTIN10__cxxabiv117__pbase_type_infoE
                0x0000433c       0x18 C:/Android/android-ndk-r8d/platforms/android-9/arch-arm/usr/lib/crtbegin_so.o
 .rel.data.rel.ro.local
                0x00004354      0x590 C:/Android/android-ndk-r8d/platforms/android-9/arch-arm/usr/lib/crtbegin_so.o
 *(.rel.data .rel.data.* .rel.gnu.linkonce.d.*)
 .rel.data.rel._ZN10__cxxabiv120__unexpected_handlerE
                0x000048e4        0x8 C:/Android/android-ndk-r8d/platforms/android-9/arch-arm/usr/lib/crtbegin_so.o
 .rel.data.rel._ZN10__cxxabiv119__terminate_handlerE
                0x000048ec        0x8 C:/Android/android-ndk-r8d/platforms/android-9/arch-arm/usr/lib/crtbegin_so.o
 *(.rel.tdata .rel.tdata.* .rel.gnu.linkonce.td.*)
 *(.rel.tbss .rel.tbss.* .rel.gnu.linkonce.tb.*)
 *(.rel.ctors)
 *(.rel.dtors)
 *(.rel.got)
 .rel.got       0x000048f4      0x128 C:/Android/android-ndk-r8d/platforms/android-9/arch-arm/usr/lib/crtbegin_so.o
 *(.rel.bss .rel.bss.* .rel.gnu.linkonce.b.*)
 .rel.fini_array
                0x00004a1c        0x8 C:/Android/android-ndk-r8d/platforms/android-9/arch-arm/usr/lib/crtbegin_so.o
 .rel.init_array
                0x00004a24       0x18 C:/Android/android-ndk-r8d/platforms/android-9/arch-arm/usr/lib/crtbegin_so.o

.rela.dyn
 *(.rela.init)
 *(.rela.text .rela.text.* .rela.gnu.linkonce.t.*)
 *(.rela.fini)
 *(.rela.rodata .rela.rodata.* .rela.gnu.linkonce.r.*)
 *(.rela.data .rela.data.* .rela.gnu.linkonce.d.*)
 *(.rela.tdata .rela.tdata.* .rela.gnu.linkonce.td.*)
 *(.rela.tbss .rela.tbss.* .rela.gnu.linkonce.tb.*)
 *(.rela.ctors)
 *(.rela.dtors)
 *(.rela.got)
 *(.rela.bss .rela.bss.* .rela.gnu.linkonce.b.*)

.rel.plt        0x00004a3c      0x148
 *(.rel.plt)
 .rel.plt       0x00004a3c      0x148 C:/Android/android-ndk-r8d/platforms/android-9/arch-arm/usr/lib/crtbegin_so.o

.rela.plt
 *(.rela.plt)

.init
 *(.init)

.plt            0x00004b84      0x200
 *(.plt)
 .plt           0x00004b84      0x200 C:/Android/android-ndk-r8d/platforms/android-9/arch-arm/usr/lib/crtbegin_so.o

.text           0x00004d84     0xa538
 *(.text .stub .text.* .gnu.linkonce.t.*)
 .text.exit     0x00004d84       0x10 C:/Android/android-ndk-r8d/platforms/android-9/arch-arm/usr/lib/crtbegin_so.o
                0x00004d84                __on_dlclose
 .text._ZN7_JNIEnv9FindClassEPKc
                0x00004d94       0x38 debug\AmazonIAP_platform.os
                0x00004d94                _JNIEnv::FindClass(char const*)
 .text._ZN7_JNIEnv17ExceptionOccurredEv
                0x00004dcc       0x30 debug\AmazonIAP_platform.os
                0x00004dcc                _JNIEnv::ExceptionOccurred()
 .text._ZN7_JNIEnv17ExceptionDescribeEv
                0x00004dfc       0x28 debug\AmazonIAP_platform.os
                0x00004dfc                _JNIEnv::ExceptionDescribe()
 .text._ZN7_JNIEnv14ExceptionClearEv
                0x00004e24       0x28 debug\AmazonIAP_platform.os
                0x00004e24                _JNIEnv::ExceptionClear()
 .text._ZN7_JNIEnv12NewGlobalRefEP8_jobject
                0x00004e4c       0x38 debug\AmazonIAP_platform.os
                0x00004e4c                _JNIEnv::NewGlobalRef(_jobject*)
 .text._ZN7_JNIEnv15DeleteGlobalRefEP8_jobject
                0x00004e84       0x30 debug\AmazonIAP_platform.os
                0x00004e84                _JNIEnv::DeleteGlobalRef(_jobject*)
 .text._ZN7_JNIEnv14DeleteLocalRefEP8_jobject
                0x00004eb4       0x30 debug\AmazonIAP_platform.os
                0x00004eb4                _JNIEnv::DeleteLocalRef(_jobject*)
 .text._ZN7_JNIEnv9NewObjectEP7_jclassP10_jmethodIDz
                0x00004ee4       0x5c debug\AmazonIAP_platform.os
                0x00004ee4                _JNIEnv::NewObject(_jclass*, _jmethodID*, ...)
 .text._ZN7_JNIEnv11GetMethodIDEP7_jclassPKcS3_
                0x00004f40       0x48 debug\AmazonIAP_platform.os
                0x00004f40                _JNIEnv::GetMethodID(_jclass*, char const*, char const*)
 .text._ZN7_JNIEnv13CallIntMethodEP8_jobjectP10_jmethodIDz
                0x00004f88       0x5c debug\AmazonIAP_platform.os
                0x00004f88                _JNIEnv::CallIntMethod(_jobject*, _jmethodID*, ...)
 .text._ZN7_JNIEnv15GetStringLengthEP8_jstring
                0x00004fe4       0x38 debug\AmazonIAP_platform.os
                0x00004fe4                _JNIEnv::GetStringLength(_jstring*)
 .text._ZN7_JNIEnv12NewStringUTFEPKc
                0x0000501c       0x38 debug\AmazonIAP_platform.os
                0x0000501c                _JNIEnv::NewStringUTF(char const*)
 .text._ZN7_JNIEnv17GetStringUTFCharsEP8_jstringPh
                0x00005054       0x40 debug\AmazonIAP_platform.os
                0x00005054                _JNIEnv::GetStringUTFChars(_jstring*, unsigned char*)
 .text._ZN7_JNIEnv21ReleaseStringUTFCharsEP8_jstringPKc
                0x00005094       0x38 debug\AmazonIAP_platform.os
                0x00005094                _JNIEnv::ReleaseStringUTFChars(_jstring*, char const*)
 .text._ZN7_JNIEnv15RegisterNativesEP7_jclassPK15JNINativeMethodi
                0x000050cc       0x48 debug\AmazonIAP_platform.os
                0x000050cc                _JNIEnv::RegisterNatives(_jclass*, JNINativeMethod const*, int)
 .text._ZN7_JavaVM6GetEnvEPPvi
                0x00005114       0x40 debug\AmazonIAP_platform.os
                0x00005114                _JavaVM::GetEnv(void**, int)
 .text._ZL15s3eEdkJNIGetEnvv
                0x00005154       0x44 debug\AmazonIAP_platform.os
 .text._ZL27s3eEdkAndroidFindClass_realPKc
                0x00005198       0xa4 debug\AmazonIAP_platform.os
 .text._ZL22s3eEdkAndroidFindClassPKc
                0x0000523c       0x38 debug\AmazonIAP_platform.os
 .text._ZL15jstringToNativeP8_jstring
                0x00005274       0x94 debug\AmazonIAP_platform.os
 .text._Z35AmazonIAPPurchaseSuccessfulCallbackP7_JNIEnvP8_jobjectP8_jstring
                0x00005308       0x74 debug\AmazonIAP_platform.os
                0x00005308                AmazonIAPPurchaseSuccessfulCallback(_JNIEnv*, _jobject*, _jstring*)
 .text._Z31AmazonIAPPurchaseFailedCallbackP7_JNIEnvP8_jobjectP8_jstring
                0x0000537c       0x74 debug\AmazonIAP_platform.os
                0x0000537c                AmazonIAPPurchaseFailedCallback(_JNIEnv*, _jobject*, _jstring*)
 .text._Z22AmazonIAPInit_platformv
                0x000053f0      0x2b4 debug\AmazonIAP_platform.os
                0x000053f0                AmazonIAPInit_platform()
 .text._Z27AmazonIAPTerminate_platformv
                0x000056a4        0x4 debug\AmazonIAP_platform.os
                0x000056a4                AmazonIAPTerminate_platform()
 .text._Z31AmazonIAPStartPurchase_platformPKc
                0x000056a8       0x70 debug\AmazonIAP_platform.os
                0x000056a8                AmazonIAPStartPurchase_platform(char const*)
 .text._Z13AmazonIAPInitv
                0x00005718       0x14 debug\AmazonIAP.os
                0x00005718                AmazonIAPInit()
 .text._Z18AmazonIAPTerminatev
                0x0000572c        0xc debug\AmazonIAP.os
                0x0000572c                AmazonIAPTerminate()
 .text.AmazonIAPStartPurchase
                0x00005738       0x24 debug\AmazonIAP.os
                0x00005738                AmazonIAPStartPurchase
 .text._ZL27AmazonIAPStartPurchase_wrapPKc
                0x0000575c       0xa0 debug\AmazonIAP_register.os
 .text.AmazonIAPRegister
                0x000057fc       0x50 debug\AmazonIAP_register.os
                0x000057fc                AmazonIAPRegister
 .text.AmazonIAPUnRegister
                0x0000584c       0x44 debug\AmazonIAP_register.os
                0x0000584c                AmazonIAPUnRegister
 .text._Z20AmazonIAPRegisterExtv
                0x00005890       0xc0 debug\AmazonIAP_register.os
                0x00005890                AmazonIAPRegisterExt()
 .text.RegisterExt
                0x00005950        0xc debug\AmazonIAP_register.os
                0x00005950                RegisterExt
 .text.IwDebugTraceSetTraceChannel
                0x0000595c       0x1c C:\marmalade\7.0\s3e\edk\lib\android\libedk.a(IwDebug.o)
                0x0000595c                IwDebugTraceSetTraceChannel
 .text._GLOBAL__I_Z__sdk_modules_iwcore_source_IwDebug.cpp
                0x00005978       0xa4 C:\marmalade\7.0\s3e\edk\lib\android\libedk.a(IwDebug.o)
 .text.IwDebugTraceIsChannelOn
                0x00005a1c      0x2b8 C:\marmalade\7.0\s3e\edk\lib\android\libedk.a(IwDebug.o)
                0x00005a1c                IwDebugTraceIsChannelOn
 .text.IwDebugTraceLinePrintf
                0x00005cd4      0x10c C:\marmalade\7.0\s3e\edk\lib\android\libedk.a(IwDebug.o)
                0x00005cd4                IwDebugTraceLinePrintf
 .text.s3eEdkThreadRunOnOS
                0x00005de0       0x30 C:\marmalade\7.0\s3e\edk\lib\android\libedk.a(edk_helpers.o)
                0x00005de0                s3eEdkThreadRunOnOS
 .text._Znaj    0x00005e10       0x1c C:\Android\android-ndk-r8d\sources\cxx-stl\gnu-libstdc++\4.4.3\libs\armeabi\libgnustl_static.a(new_opv.o)
                0x00005e10                operator new[](unsigned int)
 .text          0x00005e2c       0x10 C:\Android\android-ndk-r8d\sources\cxx-stl\gnu-libstdc++\4.4.3\libs\armeabi\libgnustl_static.a(eh_arm.o)
                0x00005e2c                __cxa_end_cleanup
 .text.__cxa_type_match
                0x00005e3c      0x1ac C:\Android\android-ndk-r8d\sources\cxx-stl\gnu-libstdc++\4.4.3\libs\armeabi\libgnustl_static.a(eh_arm.o)
                0x00005e3c                __cxa_type_match
 .text.__cxa_begin_cleanup
                0x00005fe8       0xb4 C:\Android\android-ndk-r8d\sources\cxx-stl\gnu-libstdc++\4.4.3\libs\armeabi\libgnustl_static.a(eh_arm.o)
                0x00005fe8                __cxa_begin_cleanup
 .text.__gnu_end_cleanup
                0x0000609c       0xb4 C:\Android\android-ndk-r8d\sources\cxx-stl\gnu-libstdc++\4.4.3\libs\armeabi\libgnustl_static.a(eh_arm.o)
                0x0000609c                __gnu_end_cleanup
 .text.__cxa_bad_typeid
                0x00006150       0x48 C:\Android\android-ndk-r8d\sources\cxx-stl\gnu-libstdc++\4.4.3\libs\armeabi\libgnustl_static.a(eh_aux_runtime.o)
                0x00006150                __cxa_bad_typeid
 .text.__cxa_bad_cast
                0x00006198       0x48 C:\Android\android-ndk-r8d\sources\cxx-stl\gnu-libstdc++\4.4.3\libs\armeabi\libgnustl_static.a(eh_aux_runtime.o)
                0x00006198                __cxa_bad_cast
 .text.__cxa_call_terminate
                0x000061e0       0x7c C:\Android\android-ndk-r8d\sources\cxx-stl\gnu-libstdc++\4.4.3\libs\armeabi\libgnustl_static.a(eh_call.o)
                0x000061e0                __cxa_call_terminate
 .text.__cxa_call_unexpected
                0x0000625c      0x1d0 C:\Android\android-ndk-r8d\sources\cxx-stl\gnu-libstdc++\4.4.3\libs\armeabi\libgnustl_static.a(eh_call.o)
                0x0000625c                __cxa_call_unexpected
 .text.__cxa_get_exception_ptr
                0x0000642c        0x8 C:\Android\android-ndk-r8d\sources\cxx-stl\gnu-libstdc++\4.4.3\libs\armeabi\libgnustl_static.a(eh_catch.o)
                0x0000642c                __cxa_get_exception_ptr
 .text._ZSt18uncaught_exceptionv
                0x00006434       0x18 C:\Android\android-ndk-r8d\sources\cxx-stl\gnu-libstdc++\4.4.3\libs\armeabi\libgnustl_static.a(eh_catch.o)
                0x00006434                std::uncaught_exception()
 .text.__cxa_end_catch
                0x0000644c       0xdc C:\Android\android-ndk-r8d\sources\cxx-stl\gnu-libstdc++\4.4.3\libs\armeabi\libgnustl_static.a(eh_catch.o)
                0x0000644c                __cxa_end_catch
 .text.__cxa_begin_catch
                0x00006528       0xdc C:\Android\android-ndk-r8d\sources\cxx-stl\gnu-libstdc++\4.4.3\libs\armeabi\libgnustl_static.a(eh_catch.o)
                0x00006528                __cxa_begin_catch
 .text._ZNSt9exceptionD2Ev
                0x00006604        0x4 C:\Android\android-ndk-r8d\sources\cxx-stl\gnu-libstdc++\4.4.3\libs\armeabi\libgnustl_static.a(eh_exception.o)
                0x00006604                std::exception::~exception()
 .text._ZNSt9exceptionD1Ev
                0x00006608        0x4 C:\Android\android-ndk-r8d\sources\cxx-stl\gnu-libstdc++\4.4.3\libs\armeabi\libgnustl_static.a(eh_exception.o)
                0x00006608                std::exception::~exception()
 .text._ZNSt13bad_exceptionD2Ev
                0x0000660c       0x34 C:\Android\android-ndk-r8d\sources\cxx-stl\gnu-libstdc++\4.4.3\libs\armeabi\libgnustl_static.a(eh_exception.o)
                0x0000660c                std::bad_exception::~bad_exception()
 .text._ZNSt13bad_exceptionD1Ev
                0x00006640       0x34 C:\Android\android-ndk-r8d\sources\cxx-stl\gnu-libstdc++\4.4.3\libs\armeabi\libgnustl_static.a(eh_exception.o)
                0x00006640                std::bad_exception::~bad_exception()
 .text._ZN10__cxxabiv115__forced_unwindD2Ev
                0x00006674        0x4 C:\Android\android-ndk-r8d\sources\cxx-stl\gnu-libstdc++\4.4.3\libs\armeabi\libgnustl_static.a(eh_exception.o)
                0x00006674                __cxxabiv1::__forced_unwind::~__forced_unwind()
 .text._ZN10__cxxabiv115__forced_unwindD1Ev
                0x00006678        0x4 C:\Android\android-ndk-r8d\sources\cxx-stl\gnu-libstdc++\4.4.3\libs\armeabi\libgnustl_static.a(eh_exception.o)
                0x00006678                __cxxabiv1::__forced_unwind::~__forced_unwind()
 .text._ZN10__cxxabiv119__foreign_exceptionD2Ev
                0x0000667c        0x4 C:\Android\android-ndk-r8d\sources\cxx-stl\gnu-libstdc++\4.4.3\libs\armeabi\libgnustl_static.a(eh_exception.o)
                0x0000667c                __cxxabiv1::__foreign_exception::~__foreign_exception()
 .text._ZN10__cxxabiv119__foreign_exceptionD1Ev
                0x00006680        0x4 C:\Android\android-ndk-r8d\sources\cxx-stl\gnu-libstdc++\4.4.3\libs\armeabi\libgnustl_static.a(eh_exception.o)
                0x00006680                __cxxabiv1::__foreign_exception::~__foreign_exception()
 .text._ZNKSt9exception4whatEv
                0x00006684       0x10 C:\Android\android-ndk-r8d\sources\cxx-stl\gnu-libstdc++\4.4.3\libs\armeabi\libgnustl_static.a(eh_exception.o)
                0x00006684                std::exception::what() const
 .text._ZNKSt13bad_exception4whatEv
                0x00006694       0x10 C:\Android\android-ndk-r8d\sources\cxx-stl\gnu-libstdc++\4.4.3\libs\armeabi\libgnustl_static.a(eh_exception.o)
                0x00006694                std::bad_exception::what() const
 .text._ZN10__cxxabiv119__foreign_exceptionD0Ev
                0x000066a4       0x1c C:\Android\android-ndk-r8d\sources\cxx-stl\gnu-libstdc++\4.4.3\libs\armeabi\libgnustl_static.a(eh_exception.o)
                0x000066a4                __cxxabiv1::__foreign_exception::~__foreign_exception()
 .text._ZN10__cxxabiv115__forced_unwindD0Ev
                0x000066c0       0x1c C:\Android\android-ndk-r8d\sources\cxx-stl\gnu-libstdc++\4.4.3\libs\armeabi\libgnustl_static.a(eh_exception.o)
                0x000066c0                __cxxabiv1::__forced_unwind::~__forced_unwind()
 .text._ZNSt9exceptionD0Ev
                0x000066dc       0x1c C:\Android\android-ndk-r8d\sources\cxx-stl\gnu-libstdc++\4.4.3\libs\armeabi\libgnustl_static.a(eh_exception.o)
                0x000066dc                std::exception::~exception()
 .text._ZNSt13bad_exceptionD0Ev
                0x000066f8       0x1c C:\Android\android-ndk-r8d\sources\cxx-stl\gnu-libstdc++\4.4.3\libs\armeabi\libgnustl_static.a(eh_exception.o)
                0x000066f8                std::bad_exception::~bad_exception()
 .text._GLOBAL__I_eh_globals.cc
                0x00006714       0x5c C:\Android\android-ndk-r8d\sources\cxx-stl\gnu-libstdc++\4.4.3\libs\armeabi\libgnustl_static.a(eh_globals.o)
 .text._ZL15eh_globals_dtorPv
                0x00006770       0x38 C:\Android\android-ndk-r8d\sources\cxx-stl\gnu-libstdc++\4.4.3\libs\armeabi\libgnustl_static.a(eh_globals.o)
 .text._ZN17__eh_globals_initD1Ev
                0x000067a8       0x34 C:\Android\android-ndk-r8d\sources\cxx-stl\gnu-libstdc++\4.4.3\libs\armeabi\libgnustl_static.a(eh_globals.o)
                0x000067a8                __eh_globals_init::~__eh_globals_init()
 .text.__cxa_get_globals_fast
                0x000067dc       0x48 C:\Android\android-ndk-r8d\sources\cxx-stl\gnu-libstdc++\4.4.3\libs\armeabi\libgnustl_static.a(eh_globals.o)
                0x000067dc                __cxa_get_globals_fast
 .text.__cxa_get_globals
                0x00006824       0x90 C:\Android\android-ndk-r8d\sources\cxx-stl\gnu-libstdc++\4.4.3\libs\armeabi\libgnustl_static.a(eh_globals.o)
                0x00006824                __cxa_get_globals
 .text._ZL12read_sleb128PKhPl
                0x000068b4       0x44 C:\Android\android-ndk-r8d\sources\cxx-stl\gnu-libstdc++\4.4.3\libs\armeabi\libgnustl_static.a(eh_personality.o)
 .text._ZL21base_of_encoded_valuehP15_Unwind_Context
                0x000068f8       0x78 C:\Android\android-ndk-r8d\sources\cxx-stl\gnu-libstdc++\4.4.3\libs\armeabi\libgnustl_static.a(eh_personality.o)
 .text._ZL17parse_lsda_headerP15_Unwind_ContextPKhP16lsda_header_info
                0x00006970      0x214 C:\Android\android-ndk-r8d\sources\cxx-stl\gnu-libstdc++\4.4.3\libs\armeabi\libgnustl_static.a(eh_personality.o)
 .text.__gxx_personality_v0
                0x00006b84      0x9d4 C:\Android\android-ndk-r8d\sources\cxx-stl\gnu-libstdc++\4.4.3\libs\armeabi\libgnustl_static.a(eh_personality.o)
                0x00006b84                __gxx_personality_v0
 .text._ZSt13set_terminatePFvvE
                0x00007558       0x2c C:\Android\android-ndk-r8d\sources\cxx-stl\gnu-libstdc++\4.4.3\libs\armeabi\libgnustl_static.a(eh_terminate.o)
                0x00007558                std::set_terminate(void (*)())
 .text._ZSt14set_unexpectedPFvvE
                0x00007584       0x2c C:\Android\android-ndk-r8d\sources\cxx-stl\gnu-libstdc++\4.4.3\libs\armeabi\libgnustl_static.a(eh_terminate.o)
                0x00007584                std::set_unexpected(void (*)())
 .text._ZN10__cxxabiv111__terminateEPFvvE
                0x000075b0       0x28 C:\Android\android-ndk-r8d\sources\cxx-stl\gnu-libstdc++\4.4.3\libs\armeabi\libgnustl_static.a(eh_terminate.o)
                0x000075b0                __cxxabiv1::__terminate(void (*)())
 .text._ZSt9terminatev
                0x000075d8       0x1c C:\Android\android-ndk-r8d\sources\cxx-stl\gnu-libstdc++\4.4.3\libs\armeabi\libgnustl_static.a(eh_terminate.o)
                0x000075d8                std::terminate()
 .text._ZN10__cxxabiv112__unexpectedEPFvvE
                0x000075f4       0x10 C:\Android\android-ndk-r8d\sources\cxx-stl\gnu-libstdc++\4.4.3\libs\armeabi\libgnustl_static.a(eh_terminate.o)
                0x000075f4                __cxxabiv1::__unexpected(void (*)())
 .text._ZSt10unexpectedv
                0x00007604       0x1c C:\Android\android-ndk-r8d\sources\cxx-stl\gnu-libstdc++\4.4.3\libs\armeabi\libgnustl_static.a(eh_terminate.o)
                0x00007604                std::unexpected()
 .text.__cxa_rethrow
                0x00007620       0xb8 C:\Android\android-ndk-r8d\sources\cxx-stl\gnu-libstdc++\4.4.3\libs\armeabi\libgnustl_static.a(eh_throw.o)
                0x00007620                __cxa_rethrow
 .text.__cxa_throw
                0x000076d8       0xa4 C:\Android\android-ndk-r8d\sources\cxx-stl\gnu-libstdc++\4.4.3\libs\armeabi\libgnustl_static.a(eh_throw.o)
                0x000076d8                __cxa_throw
 .text._ZL23__gxx_exception_cleanup19_Unwind_Reason_CodeP21_Unwind_Control_Block
                0x0000777c       0x44 C:\Android\android-ndk-r8d\sources\cxx-stl\gnu-libstdc++\4.4.3\libs\armeabi\libgnustl_static.a(eh_throw.o)
 .text._ZN10__cxxabiv123__fundamental_type_infoD1Ev
                0x000077c0       0x34 C:\Android\android-ndk-r8d\sources\cxx-stl\gnu-libstdc++\4.4.3\libs\armeabi\libgnustl_static.a(fundamental_type_info.o)
                0x000077c0                __cxxabiv1::__fundamental_type_info::~__fundamental_type_info()
 .text._ZN10__cxxabiv123__fundamental_type_infoD0Ev
                0x000077f4       0x1c C:\Android\android-ndk-r8d\sources\cxx-stl\gnu-libstdc++\4.4.3\libs\armeabi\libgnustl_static.a(fundamental_type_info.o)
                0x000077f4                __cxxabiv1::__fundamental_type_info::~__fundamental_type_info()
 .text._ZN10__cxxabiv123__fundamental_type_infoD2Ev
                0x00007810       0x34 C:\Android\android-ndk-r8d\sources\cxx-stl\gnu-libstdc++\4.4.3\libs\armeabi\libgnustl_static.a(fundamental_type_info.o)
                0x00007810                __cxxabiv1::__fundamental_type_info::~__fundamental_type_info()
 .text._ZSt15set_new_handlerPFvvE
                0x00007844       0x1c C:\Android\android-ndk-r8d\sources\cxx-stl\gnu-libstdc++\4.4.3\libs\armeabi\libgnustl_static.a(new_handler.o)
                0x00007844                std::set_new_handler(void (*)())
 .text._ZNKSt9bad_alloc4whatEv
                0x00007860       0x10 C:\Android\android-ndk-r8d\sources\cxx-stl\gnu-libstdc++\4.4.3\libs\armeabi\libgnustl_static.a(new_handler.o)
                0x00007860                std::bad_alloc::what() const
 .text._ZNSt9bad_allocD1Ev
                0x00007870       0x34 C:\Android\android-ndk-r8d\sources\cxx-stl\gnu-libstdc++\4.4.3\libs\armeabi\libgnustl_static.a(new_handler.o)
                0x00007870                std::bad_alloc::~bad_alloc()
 .text._ZNSt9bad_allocD0Ev
                0x000078a4       0x1c C:\Android\android-ndk-r8d\sources\cxx-stl\gnu-libstdc++\4.4.3\libs\armeabi\libgnustl_static.a(new_handler.o)
                0x000078a4                std::bad_alloc::~bad_alloc()
 .text._ZNSt9bad_allocD2Ev
                0x000078c0       0x34 C:\Android\android-ndk-r8d\sources\cxx-stl\gnu-libstdc++\4.4.3\libs\armeabi\libgnustl_static.a(new_handler.o)
                0x000078c0                std::bad_alloc::~bad_alloc()
 .text._Znwj    0x000078f4       0xb4 C:\Android\android-ndk-r8d\sources\cxx-stl\gnu-libstdc++\4.4.3\libs\armeabi\libgnustl_static.a(new_op.o)
                0x000078f4                operator new(unsigned int)
 .text._ZNK10__cxxabiv119__pointer_type_info14__is_pointer_pEv
                0x000079a8        0x8 C:\Android\android-ndk-r8d\sources\cxx-stl\gnu-libstdc++\4.4.3\libs\armeabi\libgnustl_static.a(pointer_type_info.o)
                0x000079a8                __cxxabiv1::__pointer_type_info::__is_pointer_p() const
 .text._ZNK10__cxxabiv119__pointer_type_info15__pointer_catchEPKNS_17__pbase_type_infoEPPvj
                0x000079b0       0x88 C:\Android\android-ndk-r8d\sources\cxx-stl\gnu-libstdc++\4.4.3\libs\armeabi\libgnustl_static.a(pointer_type_info.o)
                0x000079b0                __cxxabiv1::__pointer_type_info::__pointer_catch(__cxxabiv1::__pbase_type_info const*, void**, unsigned int) const
 .text._ZN10__cxxabiv119__pointer_type_infoD1Ev
                0x00007a38       0x34 C:\Android\android-ndk-r8d\sources\cxx-stl\gnu-libstdc++\4.4.3\libs\armeabi\libgnustl_static.a(pointer_type_info.o)
                0x00007a38                __cxxabiv1::__pointer_type_info::~__pointer_type_info()
 .text._ZN10__cxxabiv119__pointer_type_infoD0Ev
                0x00007a6c       0x1c C:\Android\android-ndk-r8d\sources\cxx-stl\gnu-libstdc++\4.4.3\libs\armeabi\libgnustl_static.a(pointer_type_info.o)
                0x00007a6c                __cxxabiv1::__pointer_type_info::~__pointer_type_info()
 .text._ZN10__cxxabiv119__pointer_type_infoD2Ev
                0x00007a88       0x34 C:\Android\android-ndk-r8d\sources\cxx-stl\gnu-libstdc++\4.4.3\libs\armeabi\libgnustl_static.a(pointer_type_info.o)
                0x00007a88                __cxxabiv1::__pointer_type_info::~__pointer_type_info()
 .text.__cxa_pure_virtual
                0x00007abc       0x20 C:\Android\android-ndk-r8d\sources\cxx-stl\gnu-libstdc++\4.4.3\libs\armeabi\libgnustl_static.a(pure.o)
                0x00007abc                __cxa_pure_virtual
 .text._ZNK10__cxxabiv120__si_class_type_info11__do_upcastEPKNS_17__class_type_infoEPKvRNS1_15__upcast_resultE
                0x00007adc       0x48 C:\Android\android-ndk-r8d\sources\cxx-stl\gnu-libstdc++\4.4.3\libs\armeabi\libgnustl_static.a(si_class_type_info.o)
                0x00007adc                __cxxabiv1::__si_class_type_info::__do_upcast(__cxxabiv1::__class_type_info const*, void const*, __cxxabiv1::__class_type_info::__upcast_result&) const
 .text._ZNK10__cxxabiv120__si_class_type_info12__do_dyncastEiNS_17__class_type_info10__sub_kindEPKS1_PKvS4_S6_RNS1_16__dyncast_resultE
                0x00007b24       0xd0 C:\Android\android-ndk-r8d\sources\cxx-stl\gnu-libstdc++\4.4.3\libs\armeabi\libgnustl_static.a(si_class_type_info.o)
                0x00007b24                __cxxabiv1::__si_class_type_info::__do_dyncast(int, __cxxabiv1::__class_type_info::__sub_kind, __cxxabiv1::__class_type_info const*, void const*, __cxxabiv1::__class_type_info const*, void const*, __cxxabiv1::__class_type_info::__dyncast_result&) const
 .text._ZNK10__cxxabiv120__si_class_type_info20__do_find_public_srcEiPKvPKNS_17__class_type_infoES2_
                0x00007bf4       0x68 C:\Android\android-ndk-r8d\sources\cxx-stl\gnu-libstdc++\4.4.3\libs\armeabi\libgnustl_static.a(si_class_type_info.o)
                0x00007bf4                __cxxabiv1::__si_class_type_info::__do_find_public_src(int, void const*, __cxxabiv1::__class_type_info const*, void const*) const
 .text._ZN10__cxxabiv120__si_class_type_infoD1Ev
                0x00007c5c       0x34 C:\Android\android-ndk-r8d\sources\cxx-stl\gnu-libstdc++\4.4.3\libs\armeabi\libgnustl_static.a(si_class_type_info.o)
                0x00007c5c                __cxxabiv1::__si_class_type_info::~__si_class_type_info()
 .text._ZN10__cxxabiv120__si_class_type_infoD0Ev
                0x00007c90       0x1c C:\Android\android-ndk-r8d\sources\cxx-stl\gnu-libstdc++\4.4.3\libs\armeabi\libgnustl_static.a(si_class_type_info.o)
                0x00007c90                __cxxabiv1::__si_class_type_info::~__si_class_type_info()
 .text._ZN10__cxxabiv120__si_class_type_infoD2Ev
                0x00007cac       0x34 C:\Android\android-ndk-r8d\sources\cxx-stl\gnu-libstdc++\4.4.3\libs\armeabi\libgnustl_static.a(si_class_type_info.o)
                0x00007cac                __cxxabiv1::__si_class_type_info::~__si_class_type_info()
 .text._ZNSt9type_infoD2Ev
                0x00007ce0        0x4 C:\Android\android-ndk-r8d\sources\cxx-stl\gnu-libstdc++\4.4.3\libs\armeabi\libgnustl_static.a(tinfo.o)
                0x00007ce0                std::type_info::~type_info()
 .text._ZNKSt9type_info14__is_pointer_pEv
                0x00007ce4        0x8 C:\Android\android-ndk-r8d\sources\cxx-stl\gnu-libstdc++\4.4.3\libs\armeabi\libgnustl_static.a(tinfo.o)
                0x00007ce4                std::type_info::__is_pointer_p() const
 .text._ZNKSt9type_info15__is_function_pEv
                0x00007cec        0x8 C:\Android\android-ndk-r8d\sources\cxx-stl\gnu-libstdc++\4.4.3\libs\armeabi\libgnustl_static.a(tinfo.o)
                0x00007cec                std::type_info::__is_function_p() const
 .text._ZNKSt9type_info11__do_upcastEPKN10__cxxabiv117__class_type_infoEPPv
                0x00007cf4        0x8 C:\Android\android-ndk-r8d\sources\cxx-stl\gnu-libstdc++\4.4.3\libs\armeabi\libgnustl_static.a(tinfo.o)
                0x00007cf4                std::type_info::__do_upcast(__cxxabiv1::__class_type_info const*, void**) const
 .text._ZNKSt9type_infoeqERKS_
                0x00007cfc       0x54 C:\Android\android-ndk-r8d\sources\cxx-stl\gnu-libstdc++\4.4.3\libs\armeabi\libgnustl_static.a(tinfo.o)
                0x00007cfc                std::type_info::operator==(std::type_info const&) const
 .text._ZNKSt9type_info10__do_catchEPKS_PPvj
                0x00007d50        0x4 C:\Android\android-ndk-r8d\sources\cxx-stl\gnu-libstdc++\4.4.3\libs\armeabi\libgnustl_static.a(tinfo.o)
                0x00007d50                std::type_info::__do_catch(std::type_info const*, void**, unsigned int) const
 .text.__aeabi_atexit
                0x00007d54       0x10 C:\Android\android-ndk-r8d\sources\cxx-stl\gnu-libstdc++\4.4.3\libs\armeabi\libgnustl_static.a(atexit_arm.o)
                0x00007d54                __aeabi_atexit
 .text._ZNKSt8bad_cast4whatEv
                0x00007d64       0x10 C:\Android\android-ndk-r8d\sources\cxx-stl\gnu-libstdc++\4.4.3\libs\armeabi\libgnustl_static.a(bad_cast.o)
                0x00007d64                std::bad_cast::what() const
 .text._ZNSt8bad_castD1Ev
                0x00007d74       0x34 C:\Android\android-ndk-r8d\sources\cxx-stl\gnu-libstdc++\4.4.3\libs\armeabi\libgnustl_static.a(bad_cast.o)
                0x00007d74                std::bad_cast::~bad_cast()
 .text._ZNSt8bad_castD0Ev
                0x00007da8       0x1c C:\Android\android-ndk-r8d\sources\cxx-stl\gnu-libstdc++\4.4.3\libs\armeabi\libgnustl_static.a(bad_cast.o)
                0x00007da8                std::bad_cast::~bad_cast()
 .text._ZNSt8bad_castD2Ev
                0x00007dc4       0x34 C:\Android\android-ndk-r8d\sources\cxx-stl\gnu-libstdc++\4.4.3\libs\armeabi\libgnustl_static.a(bad_cast.o)
                0x00007dc4                std::bad_cast::~bad_cast()
 .text._ZNKSt10bad_typeid4whatEv
                0x00007df8       0x10 C:\Android\android-ndk-r8d\sources\cxx-stl\gnu-libstdc++\4.4.3\libs\armeabi\libgnustl_static.a(bad_typeid.o)
                0x00007df8                std::bad_typeid::what() const
 .text._ZNSt10bad_typeidD1Ev
                0x00007e08       0x34 C:\Android\android-ndk-r8d\sources\cxx-stl\gnu-libstdc++\4.4.3\libs\armeabi\libgnustl_static.a(bad_typeid.o)
                0x00007e08                std::bad_typeid::~bad_typeid()
 .text._ZNSt10bad_typeidD0Ev
                0x00007e3c       0x1c C:\Android\android-ndk-r8d\sources\cxx-stl\gnu-libstdc++\4.4.3\libs\armeabi\libgnustl_static.a(bad_typeid.o)
                0x00007e3c                std::bad_typeid::~bad_typeid()
 .text._ZNSt10bad_typeidD2Ev
                0x00007e58       0x34 C:\Android\android-ndk-r8d\sources\cxx-stl\gnu-libstdc++\4.4.3\libs\armeabi\libgnustl_static.a(bad_typeid.o)
                0x00007e58                std::bad_typeid::~bad_typeid()
 .text._ZNK10__cxxabiv117__class_type_info11__do_upcastEPKS0_PPv
                0x00007e8c       0x5c C:\Android\android-ndk-r8d\sources\cxx-stl\gnu-libstdc++\4.4.3\libs\armeabi\libgnustl_static.a(class_type_info.o)
                0x00007e8c                __cxxabiv1::__class_type_info::__do_upcast(__cxxabiv1::__class_type_info const*, void**) const
 .text._ZNK10__cxxabiv117__class_type_info20__do_find_public_srcEiPKvPKS0_S2_
                0x00007ee8       0x14 C:\Android\android-ndk-r8d\sources\cxx-stl\gnu-libstdc++\4.4.3\libs\armeabi\libgnustl_static.a(class_type_info.o)
                0x00007ee8                __cxxabiv1::__class_type_info::__do_find_public_src(int, void const*, __cxxabiv1::__class_type_info const*, void const*) const
 .text._ZNK10__cxxabiv117__class_type_info11__do_upcastEPKS0_PKvRNS0_15__upcast_resultE
                0x00007efc       0x34 C:\Android\android-ndk-r8d\sources\cxx-stl\gnu-libstdc++\4.4.3\libs\armeabi\libgnustl_static.a(class_type_info.o)
                0x00007efc                __cxxabiv1::__class_type_info::__do_upcast(__cxxabiv1::__class_type_info const*, void const*, __cxxabiv1::__class_type_info::__upcast_result&) const
 .text._ZNK10__cxxabiv117__class_type_info12__do_dyncastEiNS0_10__sub_kindEPKS0_PKvS3_S5_RNS0_16__dyncast_resultE
                0x00007f30       0x6c C:\Android\android-ndk-r8d\sources\cxx-stl\gnu-libstdc++\4.4.3\libs\armeabi\libgnustl_static.a(class_type_info.o)
                0x00007f30                __cxxabiv1::__class_type_info::__do_dyncast(int, __cxxabiv1::__class_type_info::__sub_kind, __cxxabiv1::__class_type_info const*, void const*, __cxxabiv1::__class_type_info const*, void const*, __cxxabiv1::__class_type_info::__dyncast_result&) const
 .text._ZNK10__cxxabiv117__class_type_info10__do_catchEPKSt9type_infoPPvj
                0x00007f9c       0x48 C:\Android\android-ndk-r8d\sources\cxx-stl\gnu-libstdc++\4.4.3\libs\armeabi\libgnustl_static.a(class_type_info.o)
                0x00007f9c                __cxxabiv1::__class_type_info::__do_catch(std::type_info const*, void**, unsigned int) const
 .text._ZN10__cxxabiv117__class_type_infoD1Ev
                0x00007fe4       0x34 C:\Android\android-ndk-r8d\sources\cxx-stl\gnu-libstdc++\4.4.3\libs\armeabi\libgnustl_static.a(class_type_info.o)
                0x00007fe4                __cxxabiv1::__class_type_info::~__class_type_info()
 .text._ZN10__cxxabiv117__class_type_infoD0Ev
                0x00008018       0x1c C:\Android\android-ndk-r8d\sources\cxx-stl\gnu-libstdc++\4.4.3\libs\armeabi\libgnustl_static.a(class_type_info.o)
                0x00008018                __cxxabiv1::__class_type_info::~__class_type_info()
 .text._ZN10__cxxabiv117__class_type_infoD2Ev
                0x00008034       0x34 C:\Android\android-ndk-r8d\sources\cxx-stl\gnu-libstdc++\4.4.3\libs\armeabi\libgnustl_static.a(class_type_info.o)
                0x00008034                __cxxabiv1::__class_type_info::~__class_type_info()
 .text._ZdlPv   0x00008068        0xc C:\Android\android-ndk-r8d\sources\cxx-stl\gnu-libstdc++\4.4.3\libs\armeabi\libgnustl_static.a(del_op.o)
                0x00008068                operator delete(void*)
 .text._ZNK9__gnu_cxx24__concurrence_lock_error4whatEv
                0x00008074       0x10 C:\Android\android-ndk-r8d\sources\cxx-stl\gnu-libstdc++\4.4.3\libs\armeabi\libgnustl_static.a(eh_alloc.o)
                0x00008074                __gnu_cxx::__concurrence_lock_error::what() const
 .text._ZNK9__gnu_cxx26__concurrence_unlock_error4whatEv
                0x00008084       0x10 C:\Android\android-ndk-r8d\sources\cxx-stl\gnu-libstdc++\4.4.3\libs\armeabi\libgnustl_static.a(eh_alloc.o)
                0x00008084                __gnu_cxx::__concurrence_unlock_error::what() const
 .text._GLOBAL__I_eh_alloc.cc
                0x00008094       0x28 C:\Android\android-ndk-r8d\sources\cxx-stl\gnu-libstdc++\4.4.3\libs\armeabi\libgnustl_static.a(eh_alloc.o)
 .text._ZN9__gnu_cxx24__concurrence_lock_errorD1Ev
                0x000080bc       0x28 C:\Android\android-ndk-r8d\sources\cxx-stl\gnu-libstdc++\4.4.3\libs\armeabi\libgnustl_static.a(eh_alloc.o)
                0x000080bc                __gnu_cxx::__concurrence_lock_error::~__concurrence_lock_error()
 .text._ZN9__gnu_cxx26__concurrence_unlock_errorD1Ev
                0x000080e4       0x28 C:\Android\android-ndk-r8d\sources\cxx-stl\gnu-libstdc++\4.4.3\libs\armeabi\libgnustl_static.a(eh_alloc.o)
                0x000080e4                __gnu_cxx::__concurrence_unlock_error::~__concurrence_unlock_error()
 .text._ZN9__gnu_cxx13__scoped_lockD1Ev
                0x0000810c       0x68 C:\Android\android-ndk-r8d\sources\cxx-stl\gnu-libstdc++\4.4.3\libs\armeabi\libgnustl_static.a(eh_alloc.o)
                0x0000810c                __gnu_cxx::__scoped_lock::~__scoped_lock()
 .text._ZN9__gnu_cxx26__concurrence_unlock_errorD0Ev
                0x00008174       0x30 C:\Android\android-ndk-r8d\sources\cxx-stl\gnu-libstdc++\4.4.3\libs\armeabi\libgnustl_static.a(eh_alloc.o)
                0x00008174                __gnu_cxx::__concurrence_unlock_error::~__concurrence_unlock_error()
 .text._ZN9__gnu_cxx24__concurrence_lock_errorD0Ev
                0x000081a4       0x30 C:\Android\android-ndk-r8d\sources\cxx-stl\gnu-libstdc++\4.4.3\libs\armeabi\libgnustl_static.a(eh_alloc.o)
                0x000081a4                __gnu_cxx::__concurrence_lock_error::~__concurrence_lock_error()
 .text.__cxa_free_dependent_exception
                0x000081d4      0x124 C:\Android\android-ndk-r8d\sources\cxx-stl\gnu-libstdc++\4.4.3\libs\armeabi\libgnustl_static.a(eh_alloc.o)
                0x000081d4                __cxa_free_dependent_exception
 .text.__cxa_free_exception
                0x000082f8      0x11c C:\Android\android-ndk-r8d\sources\cxx-stl\gnu-libstdc++\4.4.3\libs\armeabi\libgnustl_static.a(eh_alloc.o)
                0x000082f8                __cxa_free_exception
 .text.__cxa_allocate_dependent_exception
                0x00008414      0x18c C:\Android\android-ndk-r8d\sources\cxx-stl\gnu-libstdc++\4.4.3\libs\armeabi\libgnustl_static.a(eh_alloc.o)
                0x00008414                __cxa_allocate_dependent_exception
 .text.__cxa_allocate_exception
                0x000085a0      0x18c C:\Android\android-ndk-r8d\sources\cxx-stl\gnu-libstdc++\4.4.3\libs\armeabi\libgnustl_static.a(eh_alloc.o)
                0x000085a0                __cxa_allocate_exception
 .text._ZNK10__cxxabiv117__pbase_type_info15__pointer_catchEPKS0_PPvj
                0x0000872c       0x24 C:\Android\android-ndk-r8d\sources\cxx-stl\gnu-libstdc++\4.4.3\libs\armeabi\libgnustl_static.a(pbase_type_info.o)
                0x0000872c                __cxxabiv1::__pbase_type_info::__pointer_catch(__cxxabiv1::__pbase_type_info const*, void**, unsigned int) const
 .text._ZNK10__cxxabiv117__pbase_type_info10__do_catchEPKSt9type_infoPPvj
                0x00008750       0x94 C:\Android\android-ndk-r8d\sources\cxx-stl\gnu-libstdc++\4.4.3\libs\armeabi\libgnustl_static.a(pbase_type_info.o)
                0x00008750                __cxxabiv1::__pbase_type_info::__do_catch(std::type_info const*, void**, unsigned int) const
 .text._ZN10__cxxabiv117__pbase_type_infoD1Ev
                0x000087e4       0x34 C:\Android\android-ndk-r8d\sources\cxx-stl\gnu-libstdc++\4.4.3\libs\armeabi\libgnustl_static.a(pbase_type_info.o)
                0x000087e4                __cxxabiv1::__pbase_type_info::~__pbase_type_info()
 .text._ZN10__cxxabiv117__pbase_type_infoD0Ev
                0x00008818       0x1c C:\Android\android-ndk-r8d\sources\cxx-stl\gnu-libstdc++\4.4.3\libs\armeabi\libgnustl_static.a(pbase_type_info.o)
                0x00008818                __cxxabiv1::__pbase_type_info::~__pbase_type_info()
 .text._ZN10__cxxabiv117__pbase_type_infoD2Ev
                0x00008834       0x34 C:\Android\android-ndk-r8d\sources\cxx-stl\gnu-libstdc++\4.4.3\libs\armeabi\libgnustl_static.a(pbase_type_info.o)
                0x00008834                __cxxabiv1::__pbase_type_info::~__pbase_type_info()
 .text._ZN9__gnu_cxx27__verbose_terminate_handlerEv
                0x00008868      0x1c4 C:\Android\android-ndk-r8d\sources\cxx-stl\gnu-libstdc++\4.4.3\libs\armeabi\libgnustl_static.a(vterminate.o)
                0x00008868                __gnu_cxx::__verbose_terminate_handler()
 .text          0x00008a2c     0x4974 C:\Android\android-ndk-r8d\sources\cxx-stl\gnu-libstdc++\4.4.3\libs\armeabi\libgnustl_static.a(cp-demangle.o)
                0x0000c778                __cxa_demangle
                0x0000c744                __gcclibcxx_demangle_callback
 .text.__cxa_current_exception_type
                0x0000d3a0       0x2c C:\Android\android-ndk-r8d\sources\cxx-stl\gnu-libstdc++\4.4.3\libs\armeabi\libgnustl_static.a(eh_type.o)
                0x0000d3a0                __cxa_current_exception_type
 .text          0x0000d3cc       0x1c c:/Android/android-ndk-r8d/toolchains/arm-linux-androideabi-4.4.3/prebuilt/windows/bin/../lib/gcc/arm-linux-androideabi/4.4.3\libgcc.a(_aeabi_ldivmod.o)
                0x0000d3cc                __aeabi_ldivmod
 .text          0x0000d3e8       0x88 c:/Android/android-ndk-r8d/toolchains/arm-linux-androideabi-4.4.3/prebuilt/windows/bin/../lib/gcc/arm-linux-androideabi/4.4.3\libgcc.a(bpabi.o)
                0x0000d3e8                __gnu_uldivmod_helper
                0x0000d42c                __gnu_ldivmod_helper
 .text          0x0000d470      0xec4 c:/Android/android-ndk-r8d/toolchains/arm-linux-androideabi-4.4.3/prebuilt/windows/bin/../lib/gcc/arm-linux-androideabi/4.4.3\libgcc.a(unwind-arm.o)
                0x0000de98                __gnu_Unwind_RaiseException
                0x0000d9f0                __aeabi_unwind_cpp_pr0
                0x0000d520                _Unwind_GetCFA
                0x0000d4bc                _Unwind_VRS_Set
                0x0000dc34                __gnu_Unwind_Backtrace
                0x0000dfc8                _Unwind_VRS_Pop
                0x0000d9e0                __aeabi_unwind_cpp_pr2
                0x0000d52c                _Unwind_DeleteException
                0x0000d528                _Unwind_Complete
                0x0000df5c                __gnu_Unwind_Resume
                0x0000de24                __gnu_Unwind_ForcedUnwind
                0x0000df3c                __gnu_Unwind_Resume_or_Rethrow
                0x0000d470                _Unwind_VRS_Get
                0x0000d9e8                __aeabi_unwind_cpp_pr1
 .text          0x0000e334      0x1a8 c:/Android/android-ndk-r8d/toolchains/arm-linux-androideabi-4.4.3/prebuilt/windows/bin/../lib/gcc/arm-linux-androideabi/4.4.3\libgcc.a(libunwind.o)
                0x0000e494                ___Unwind_ForcedUnwind
                0x0000e350                __gnu_Unwind_Save_VFP
                0x0000e470                _Unwind_Resume_or_Rethrow
                0x0000e470                ___Unwind_Resume_or_Rethrow
                0x0000e4b8                _Unwind_Backtrace
                0x0000e334                __restore_core_regs
                0x0000e370                __gnu_Unwind_Save_VFP_D_16_to_31
                0x0000e360                __gnu_Unwind_Save_VFP_D
                0x0000e4b8                ___Unwind_Backtrace
                0x0000e428                ___Unwind_RaiseException
                0x0000e44c                ___Unwind_Resume
                0x0000e378                __gnu_Unwind_Restore_WMMXD
                0x0000e348                __gnu_Unwind_Restore_VFP
                0x0000e44c                _Unwind_Resume
                0x0000e358                __gnu_Unwind_Restore_VFP_D
                0x0000e368                __gnu_Unwind_Restore_VFP_D_16_to_31
                0x0000e428                _Unwind_RaiseException
                0x0000e334                restore_core_regs
                0x0000e414                __gnu_Unwind_Save_WMMXC
                0x0000e400                __gnu_Unwind_Restore_WMMXC
                0x0000e494                _Unwind_ForcedUnwind
                0x0000e3bc                __gnu_Unwind_Save_WMMXD
 .text          0x0000e4dc      0x484 c:/Android/android-ndk-r8d/toolchains/arm-linux-androideabi-4.4.3/prebuilt/windows/bin/../lib/gcc/arm-linux-androideabi/4.4.3\libgcc.a(pr-support.o)
                0x0000e57c                _Unwind_GetRegionStart
                0x0000e5a8                __gnu_unwind_execute
                0x0000e534                _Unwind_GetTextRelBase
                0x0000e544                _Unwind_GetLanguageSpecificData
                0x0000e920                __gnu_unwind_frame
                0x0000e53c                _Unwind_GetDataRelBase
 .text          0x0000e960      0x47c c:/Android/android-ndk-r8d/toolchains/arm-linux-androideabi-4.4.3/prebuilt/windows/bin/../lib/gcc/arm-linux-androideabi/4.4.3\libgcc.a(_divdi3.o)
                0x0000e960                __divdi3
 .text          0x0000eddc      0x40c c:/Android/android-ndk-r8d/toolchains/arm-linux-androideabi-4.4.3/prebuilt/windows/bin/../lib/gcc/arm-linux-androideabi/4.4.3\libgcc.a(_udivdi3.o)
                0x0000eddc                __udivdi3
 .text          0x0000f1e8       0xc4 c:/Android/android-ndk-r8d/toolchains/arm-linux-androideabi-4.4.3/prebuilt/windows/bin/../lib/gcc/arm-linux-androideabi/4.4.3\libgcc.a(_udivsi3.o)
                0x0000f1e8                __udivsi3
                0x0000f1e8                __aeabi_uidiv
                0x0000f294                __aeabi_uidivmod
 .text          0x0000f2ac       0x10 c:/Android/android-ndk-r8d/toolchains/arm-linux-androideabi-4.4.3/prebuilt/windows/bin/../lib/gcc/arm-linux-androideabi/4.4.3\libgcc.a(_dvmd_lnx.o)
                0x0000f2ac                __div0
 *(.gnu.warning)
 *(.glue_7t)
 .glue_7t       0x00000000        0x0 linker stubs
 *(.glue_7)
 .glue_7        0x00000000        0x0 linker stubs
 *(.vfp11_veneer)
 .vfp11_veneer  0x00000000        0x0 linker stubs
 *(.v4_bx)
 .v4_bx         0x00000000        0x0 linker stubs

.fini
 *(.fini)
                0x0000f2bc                PROVIDE (__etext, .)
                0x0000f2bc                PROVIDE (_etext, .)
                0x0000f2bc                PROVIDE (etext, .)

.rodata         0x0000f2bc      0xdb8
 *(.rodata .rodata.* .gnu.linkonce.r.*)
 .rodata        0x0000f2bc      0x1b0 debug\AmazonIAP_platform.os
 .rodata        0x0000f46c       0x60 debug\AmazonIAP_register.os
 .rodata.str1.4
                0x0000f4cc      0x118 C:\marmalade\7.0\s3e\edk\lib\android\libedk.a(IwDebug.o)
                                0x120 (size before relaxing)
 .rodata._ZTSN10__cxxabiv115__forced_unwindE
                0x0000f5e4       0x20 C:\Android\android-ndk-r8d\sources\cxx-stl\gnu-libstdc++\4.4.3\libs\armeabi\libgnustl_static.a(eh_exception.o)
                0x0000f5e4                typeinfo name for __cxxabiv1::__forced_unwind
 .rodata._ZTSN10__cxxabiv119__foreign_exceptionE
                0x0000f604       0x24 C:\Android\android-ndk-r8d\sources\cxx-stl\gnu-libstdc++\4.4.3\libs\armeabi\libgnustl_static.a(eh_exception.o)
                0x0000f604                typeinfo name for __cxxabiv1::__foreign_exception
 .rodata.str1.4
                0x0000f628       0x23 C:\Android\android-ndk-r8d\sources\cxx-stl\gnu-libstdc++\4.4.3\libs\armeabi\libgnustl_static.a(eh_exception.o)
                                 0x24 (size before relaxing)
 *fill*         0x0000f64b        0x1 00
 .rodata._ZTSSt9exception
                0x0000f64c       0x10 C:\Android\android-ndk-r8d\sources\cxx-stl\gnu-libstdc++\4.4.3\libs\armeabi\libgnustl_static.a(eh_exception.o)
                0x0000f64c                typeinfo name for std::exception
 .rodata._ZTSSt13bad_exception
                0x0000f65c       0x14 C:\Android\android-ndk-r8d\sources\cxx-stl\gnu-libstdc++\4.4.3\libs\armeabi\libgnustl_static.a(eh_exception.o)
                0x0000f65c                typeinfo name for std::bad_exception
 .rodata._ZTSPKe
                0x0000f670        0x4 C:\Android\android-ndk-r8d\sources\cxx-stl\gnu-libstdc++\4.4.3\libs\armeabi\libgnustl_static.a(fundamental_type_info.o)
                0x0000f670                typeinfo name for long double const*
 .rodata._ZTSPe
                0x0000f674        0x4 C:\Android\android-ndk-r8d\sources\cxx-stl\gnu-libstdc++\4.4.3\libs\armeabi\libgnustl_static.a(fundamental_type_info.o)
                0x0000f674                typeinfo name for long double*
 .rodata._ZTSe  0x0000f678        0x4 C:\Android\android-ndk-r8d\sources\cxx-stl\gnu-libstdc++\4.4.3\libs\armeabi\libgnustl_static.a(fundamental_type_info.o)
                0x0000f678                typeinfo name for long double
 .rodata._ZTSPKd
                0x0000f67c        0x4 C:\Android\android-ndk-r8d\sources\cxx-stl\gnu-libstdc++\4.4.3\libs\armeabi\libgnustl_static.a(fundamental_type_info.o)
                0x0000f67c                typeinfo name for double const*
 .rodata._ZTSPd
                0x0000f680        0x4 C:\Android\android-ndk-r8d\sources\cxx-stl\gnu-libstdc++\4.4.3\libs\armeabi\libgnustl_static.a(fundamental_type_info.o)
                0x0000f680                typeinfo name for double*
 .rodata._ZTSd  0x0000f684        0x4 C:\Android\android-ndk-r8d\sources\cxx-stl\gnu-libstdc++\4.4.3\libs\armeabi\libgnustl_static.a(fundamental_type_info.o)
                0x0000f684                typeinfo name for double
 .rodata._ZTSPKf
                0x0000f688        0x4 C:\Android\android-ndk-r8d\sources\cxx-stl\gnu-libstdc++\4.4.3\libs\armeabi\libgnustl_static.a(fundamental_type_info.o)
                0x0000f688                typeinfo name for float const*
 .rodata._ZTSPf
                0x0000f68c        0x4 C:\Android\android-ndk-r8d\sources\cxx-stl\gnu-libstdc++\4.4.3\libs\armeabi\libgnustl_static.a(fundamental_type_info.o)
                0x0000f68c                typeinfo name for float*
 .rodata._ZTSf  0x0000f690        0x4 C:\Android\android-ndk-r8d\sources\cxx-stl\gnu-libstdc++\4.4.3\libs\armeabi\libgnustl_static.a(fundamental_type_info.o)
                0x0000f690                typeinfo name for float
 .rodata._ZTSPKy
                0x0000f694        0x4 C:\Android\android-ndk-r8d\sources\cxx-stl\gnu-libstdc++\4.4.3\libs\armeabi\libgnustl_static.a(fundamental_type_info.o)
                0x0000f694                typeinfo name for unsigned long long const*
 .rodata._ZTSPy
                0x0000f698        0x4 C:\Android\android-ndk-r8d\sources\cxx-stl\gnu-libstdc++\4.4.3\libs\armeabi\libgnustl_static.a(fundamental_type_info.o)
                0x0000f698                typeinfo name for unsigned long long*
 .rodata._ZTSy  0x0000f69c        0x4 C:\Android\android-ndk-r8d\sources\cxx-stl\gnu-libstdc++\4.4.3\libs\armeabi\libgnustl_static.a(fundamental_type_info.o)
                0x0000f69c                typeinfo name for unsigned long long
 .rodata._ZTSPKx
                0x0000f6a0        0x4 C:\Android\android-ndk-r8d\sources\cxx-stl\gnu-libstdc++\4.4.3\libs\armeabi\libgnustl_static.a(fundamental_type_info.o)
                0x0000f6a0                typeinfo name for long long const*
 .rodata._ZTSPx
                0x0000f6a4        0x4 C:\Android\android-ndk-r8d\sources\cxx-stl\gnu-libstdc++\4.4.3\libs\armeabi\libgnustl_static.a(fundamental_type_info.o)
                0x0000f6a4                typeinfo name for long long*
 .rodata._ZTSx  0x0000f6a8        0x4 C:\Android\android-ndk-r8d\sources\cxx-stl\gnu-libstdc++\4.4.3\libs\armeabi\libgnustl_static.a(fundamental_type_info.o)
                0x0000f6a8                typeinfo name for long long
 .rodata._ZTSPKm
                0x0000f6ac        0x4 C:\Android\android-ndk-r8d\sources\cxx-stl\gnu-libstdc++\4.4.3\libs\armeabi\libgnustl_static.a(fundamental_type_info.o)
                0x0000f6ac                typeinfo name for unsigned long const*
 .rodata._ZTSPm
                0x0000f6b0        0x4 C:\Android\android-ndk-r8d\sources\cxx-stl\gnu-libstdc++\4.4.3\libs\armeabi\libgnustl_static.a(fundamental_type_info.o)
                0x0000f6b0                typeinfo name for unsigned long*
 .rodata._ZTSm  0x0000f6b4        0x4 C:\Android\android-ndk-r8d\sources\cxx-stl\gnu-libstdc++\4.4.3\libs\armeabi\libgnustl_static.a(fundamental_type_info.o)
                0x0000f6b4                typeinfo name for unsigned long
 .rodata._ZTSPKl
                0x0000f6b8        0x4 C:\Android\android-ndk-r8d\sources\cxx-stl\gnu-libstdc++\4.4.3\libs\armeabi\libgnustl_static.a(fundamental_type_info.o)
                0x0000f6b8                typeinfo name for long const*
 .rodata._ZTSPl
                0x0000f6bc        0x4 C:\Android\android-ndk-r8d\sources\cxx-stl\gnu-libstdc++\4.4.3\libs\armeabi\libgnustl_static.a(fundamental_type_info.o)
                0x0000f6bc                typeinfo name for long*
 .rodata._ZTSl  0x0000f6c0        0x4 C:\Android\android-ndk-r8d\sources\cxx-stl\gnu-libstdc++\4.4.3\libs\armeabi\libgnustl_static.a(fundamental_type_info.o)
                0x0000f6c0                typeinfo name for long
 .rodata._ZTSPKj
                0x0000f6c4        0x4 C:\Android\android-ndk-r8d\sources\cxx-stl\gnu-libstdc++\4.4.3\libs\armeabi\libgnustl_static.a(fundamental_type_info.o)
                0x0000f6c4                typeinfo name for unsigned int const*
 .rodata._ZTSPj
                0x0000f6c8        0x4 C:\Android\android-ndk-r8d\sources\cxx-stl\gnu-libstdc++\4.4.3\libs\armeabi\libgnustl_static.a(fundamental_type_info.o)
                0x0000f6c8                typeinfo name for unsigned int*
 .rodata._ZTSj  0x0000f6cc        0x4 C:\Android\android-ndk-r8d\sources\cxx-stl\gnu-libstdc++\4.4.3\libs\armeabi\libgnustl_static.a(fundamental_type_info.o)
                0x0000f6cc                typeinfo name for unsigned int
 .rodata._ZTSPKi
                0x0000f6d0        0x4 C:\Android\android-ndk-r8d\sources\cxx-stl\gnu-libstdc++\4.4.3\libs\armeabi\libgnustl_static.a(fundamental_type_info.o)
                0x0000f6d0                typeinfo name for int const*
 .rodata._ZTSPi
                0x0000f6d4        0x4 C:\Android\android-ndk-r8d\sources\cxx-stl\gnu-libstdc++\4.4.3\libs\armeabi\libgnustl_static.a(fundamental_type_info.o)
                0x0000f6d4                typeinfo name for int*
 .rodata._ZTSi  0x0000f6d8        0x4 C:\Android\android-ndk-r8d\sources\cxx-stl\gnu-libstdc++\4.4.3\libs\armeabi\libgnustl_static.a(fundamental_type_info.o)
                0x0000f6d8                typeinfo name for int
 .rodata._ZTSPKt
                0x0000f6dc        0x4 C:\Android\android-ndk-r8d\sources\cxx-stl\gnu-libstdc++\4.4.3\libs\armeabi\libgnustl_static.a(fundamental_type_info.o)
                0x0000f6dc                typeinfo name for unsigned short const*
 .rodata._ZTSPt
                0x0000f6e0        0x4 C:\Android\android-ndk-r8d\sources\cxx-stl\gnu-libstdc++\4.4.3\libs\armeabi\libgnustl_static.a(fundamental_type_info.o)
                0x0000f6e0                typeinfo name for unsigned short*
 .rodata._ZTSt  0x0000f6e4        0x4 C:\Android\android-ndk-r8d\sources\cxx-stl\gnu-libstdc++\4.4.3\libs\armeabi\libgnustl_static.a(fundamental_type_info.o)
                0x0000f6e4                typeinfo name for unsigned short
 .rodata._ZTSPKs
                0x0000f6e8        0x4 C:\Android\android-ndk-r8d\sources\cxx-stl\gnu-libstdc++\4.4.3\libs\armeabi\libgnustl_static.a(fundamental_type_info.o)
                0x0000f6e8                typeinfo name for short const*
 .rodata._ZTSPs
                0x0000f6ec        0x4 C:\Android\android-ndk-r8d\sources\cxx-stl\gnu-libstdc++\4.4.3\libs\armeabi\libgnustl_static.a(fundamental_type_info.o)
                0x0000f6ec                typeinfo name for short*
 .rodata._ZTSs  0x0000f6f0        0x4 C:\Android\android-ndk-r8d\sources\cxx-stl\gnu-libstdc++\4.4.3\libs\armeabi\libgnustl_static.a(fundamental_type_info.o)
                0x0000f6f0                typeinfo name for short
 .rodata._ZTSPKh
                0x0000f6f4        0x4 C:\Android\android-ndk-r8d\sources\cxx-stl\gnu-libstdc++\4.4.3\libs\armeabi\libgnustl_static.a(fundamental_type_info.o)
                0x0000f6f4                typeinfo name for unsigned char const*
 .rodata._ZTSPh
                0x0000f6f8        0x4 C:\Android\android-ndk-r8d\sources\cxx-stl\gnu-libstdc++\4.4.3\libs\armeabi\libgnustl_static.a(fundamental_type_info.o)
                0x0000f6f8                typeinfo name for unsigned char*
 .rodata._ZTSh  0x0000f6fc        0x4 C:\Android\android-ndk-r8d\sources\cxx-stl\gnu-libstdc++\4.4.3\libs\armeabi\libgnustl_static.a(fundamental_type_info.o)
                0x0000f6fc                typeinfo name for unsigned char
 .rodata._ZTSPKa
                0x0000f700        0x4 C:\Android\android-ndk-r8d\sources\cxx-stl\gnu-libstdc++\4.4.3\libs\armeabi\libgnustl_static.a(fundamental_type_info.o)
                0x0000f700                typeinfo name for signed char const*
 .rodata._ZTSPa
                0x0000f704        0x4 C:\Android\android-ndk-r8d\sources\cxx-stl\gnu-libstdc++\4.4.3\libs\armeabi\libgnustl_static.a(fundamental_type_info.o)
                0x0000f704                typeinfo name for signed char*
 .rodata._ZTSa  0x0000f708        0x4 C:\Android\android-ndk-r8d\sources\cxx-stl\gnu-libstdc++\4.4.3\libs\armeabi\libgnustl_static.a(fundamental_type_info.o)
                0x0000f708                typeinfo name for signed char
 .rodata._ZTSPKc
                0x0000f70c        0x4 C:\Android\android-ndk-r8d\sources\cxx-stl\gnu-libstdc++\4.4.3\libs\armeabi\libgnustl_static.a(fundamental_type_info.o)
                0x0000f70c                typeinfo name for char const*
 .rodata._ZTSPc
                0x0000f710        0x4 C:\Android\android-ndk-r8d\sources\cxx-stl\gnu-libstdc++\4.4.3\libs\armeabi\libgnustl_static.a(fundamental_type_info.o)
                0x0000f710                typeinfo name for char*
 .rodata._ZTSc  0x0000f714        0x4 C:\Android\android-ndk-r8d\sources\cxx-stl\gnu-libstdc++\4.4.3\libs\armeabi\libgnustl_static.a(fundamental_type_info.o)
                0x0000f714                typeinfo name for char
 .rodata._ZTSPKDi
                0x0000f718        0x8 C:\Android\android-ndk-r8d\sources\cxx-stl\gnu-libstdc++\4.4.3\libs\armeabi\libgnustl_static.a(fundamental_type_info.o)
                0x0000f718                _ZTSPKDi
 .rodata._ZTSPDi
                0x0000f720        0x4 C:\Android\android-ndk-r8d\sources\cxx-stl\gnu-libstdc++\4.4.3\libs\armeabi\libgnustl_static.a(fundamental_type_info.o)
                0x0000f720                _ZTSPDi
 .rodata._ZTSDi
                0x0000f724        0x4 C:\Android\android-ndk-r8d\sources\cxx-stl\gnu-libstdc++\4.4.3\libs\armeabi\libgnustl_static.a(fundamental_type_info.o)
                0x0000f724                _ZTSDi
 .rodata._ZTSPKDs
                0x0000f728        0x8 C:\Android\android-ndk-r8d\sources\cxx-stl\gnu-libstdc++\4.4.3\libs\armeabi\libgnustl_static.a(fundamental_type_info.o)
                0x0000f728                _ZTSPKDs
 .rodata._ZTSPDs
                0x0000f730        0x4 C:\Android\android-ndk-r8d\sources\cxx-stl\gnu-libstdc++\4.4.3\libs\armeabi\libgnustl_static.a(fundamental_type_info.o)
                0x0000f730                _ZTSPDs
 .rodata._ZTSDs
                0x0000f734        0x4 C:\Android\android-ndk-r8d\sources\cxx-stl\gnu-libstdc++\4.4.3\libs\armeabi\libgnustl_static.a(fundamental_type_info.o)
                0x0000f734                _ZTSDs
 .rodata._ZTSPKw
                0x0000f738        0x4 C:\Android\android-ndk-r8d\sources\cxx-stl\gnu-libstdc++\4.4.3\libs\armeabi\libgnustl_static.a(fundamental_type_info.o)
                0x0000f738                typeinfo name for wchar_t const*
 .rodata._ZTSPw
                0x0000f73c        0x4 C:\Android\android-ndk-r8d\sources\cxx-stl\gnu-libstdc++\4.4.3\libs\armeabi\libgnustl_static.a(fundamental_type_info.o)
                0x0000f73c                typeinfo name for wchar_t*
 .rodata._ZTSw  0x0000f740        0x4 C:\Android\android-ndk-r8d\sources\cxx-stl\gnu-libstdc++\4.4.3\libs\armeabi\libgnustl_static.a(fundamental_type_info.o)
                0x0000f740                typeinfo name for wchar_t
 .rodata._ZTSPKb
                0x0000f744        0x4 C:\Android\android-ndk-r8d\sources\cxx-stl\gnu-libstdc++\4.4.3\libs\armeabi\libgnustl_static.a(fundamental_type_info.o)
                0x0000f744                typeinfo name for bool const*
 .rodata._ZTSPb
                0x0000f748        0x4 C:\Android\android-ndk-r8d\sources\cxx-stl\gnu-libstdc++\4.4.3\libs\armeabi\libgnustl_static.a(fundamental_type_info.o)
                0x0000f748                typeinfo name for bool*
 .rodata._ZTSb  0x0000f74c        0x4 C:\Android\android-ndk-r8d\sources\cxx-stl\gnu-libstdc++\4.4.3\libs\armeabi\libgnustl_static.a(fundamental_type_info.o)
                0x0000f74c                typeinfo name for bool
 .rodata._ZTSPKv
                0x0000f750        0x4 C:\Android\android-ndk-r8d\sources\cxx-stl\gnu-libstdc++\4.4.3\libs\armeabi\libgnustl_static.a(fundamental_type_info.o)
                0x0000f750                typeinfo name for void const*
 .rodata._ZTSPv
                0x0000f754        0x4 C:\Android\android-ndk-r8d\sources\cxx-stl\gnu-libstdc++\4.4.3\libs\armeabi\libgnustl_static.a(fundamental_type_info.o)
                0x0000f754                typeinfo name for void*
 .rodata._ZTSv  0x0000f758        0x4 C:\Android\android-ndk-r8d\sources\cxx-stl\gnu-libstdc++\4.4.3\libs\armeabi\libgnustl_static.a(fundamental_type_info.o)
                0x0000f758                typeinfo name for void
 .rodata._ZTSN10__cxxabiv123__fundamental_type_infoE
                0x0000f75c       0x28 C:\Android\android-ndk-r8d\sources\cxx-stl\gnu-libstdc++\4.4.3\libs\armeabi\libgnustl_static.a(fundamental_type_info.o)
                0x0000f75c                typeinfo name for __cxxabiv1::__fundamental_type_info
 .rodata._ZTSSt9bad_alloc
                0x0000f784       0x10 C:\Android\android-ndk-r8d\sources\cxx-stl\gnu-libstdc++\4.4.3\libs\armeabi\libgnustl_static.a(new_handler.o)
                0x0000f784                typeinfo name for std::bad_alloc
 .rodata.str1.4
                0x0000f794        0xf C:\Android\android-ndk-r8d\sources\cxx-stl\gnu-libstdc++\4.4.3\libs\armeabi\libgnustl_static.a(new_handler.o)
                                 0x10 (size before relaxing)
 *fill*         0x0000f7a3        0x1 00
 .rodata._ZSt7nothrow
                0x0000f7a4        0x4 C:\Android\android-ndk-r8d\sources\cxx-stl\gnu-libstdc++\4.4.3\libs\armeabi\libgnustl_static.a(new_handler.o)
                0x0000f7a4                std::nothrow
 .rodata._ZTSN10__cxxabiv119__pointer_type_infoE
                0x0000f7a8       0x24 C:\Android\android-ndk-r8d\sources\cxx-stl\gnu-libstdc++\4.4.3\libs\armeabi\libgnustl_static.a(pointer_type_info.o)
                0x0000f7a8                typeinfo name for __cxxabiv1::__pointer_type_info
 .rodata.str1.4
                0x0000f7cc       0x1c C:\Android\android-ndk-r8d\sources\cxx-stl\gnu-libstdc++\4.4.3\libs\armeabi\libgnustl_static.a(pure.o)
 .rodata._ZTSN10__cxxabiv120__si_class_type_infoE
                0x0000f7e8       0x28 C:\Android\android-ndk-r8d\sources\cxx-stl\gnu-libstdc++\4.4.3\libs\armeabi\libgnustl_static.a(si_class_type_info.o)
                0x0000f7e8                typeinfo name for __cxxabiv1::__si_class_type_info
 .rodata._ZTSSt9type_info
                0x0000f810       0x10 C:\Android\android-ndk-r8d\sources\cxx-stl\gnu-libstdc++\4.4.3\libs\armeabi\libgnustl_static.a(tinfo.o)
                0x0000f810                typeinfo name for std::type_info
 .rodata._ZTSSt8bad_cast
                0x0000f820        0xc C:\Android\android-ndk-r8d\sources\cxx-stl\gnu-libstdc++\4.4.3\libs\armeabi\libgnustl_static.a(bad_cast.o)
                0x0000f820                typeinfo name for std::bad_cast
 .rodata.str1.4
                0x0000f82c        0xe C:\Android\android-ndk-r8d\sources\cxx-stl\gnu-libstdc++\4.4.3\libs\armeabi\libgnustl_static.a(bad_cast.o)
                                 0x10 (size before relaxing)
 *fill*         0x0000f83a        0x2 00
 .rodata.str1.4
                0x0000f83c       0x10 C:\Android\android-ndk-r8d\sources\cxx-stl\gnu-libstdc++\4.4.3\libs\armeabi\libgnustl_static.a(bad_typeid.o)
 .rodata._ZTSSt10bad_typeid
                0x0000f84c       0x10 C:\Android\android-ndk-r8d\sources\cxx-stl\gnu-libstdc++\4.4.3\libs\armeabi\libgnustl_static.a(bad_typeid.o)
                0x0000f84c                typeinfo name for std::bad_typeid
 .rodata._ZTSN10__cxxabiv117__class_type_infoE
                0x0000f85c       0x24 C:\Android\android-ndk-r8d\sources\cxx-stl\gnu-libstdc++\4.4.3\libs\armeabi\libgnustl_static.a(class_type_info.o)
                0x0000f85c                typeinfo name for __cxxabiv1::__class_type_info
 .rodata._ZTSN9__gnu_cxx24__concurrence_lock_errorE
                0x0000f880       0x28 C:\Android\android-ndk-r8d\sources\cxx-stl\gnu-libstdc++\4.4.3\libs\armeabi\libgnustl_static.a(eh_alloc.o)
                0x0000f880                typeinfo name for __gnu_cxx::__concurrence_lock_error
 .rodata._ZTSN9__gnu_cxx26__concurrence_unlock_errorE
                0x0000f8a8       0x2c C:\Android\android-ndk-r8d\sources\cxx-stl\gnu-libstdc++\4.4.3\libs\armeabi\libgnustl_static.a(eh_alloc.o)
                0x0000f8a8                typeinfo name for __gnu_cxx::__concurrence_unlock_error
 .rodata.str1.4
                0x0000f8d4       0x4a C:\Android\android-ndk-r8d\sources\cxx-stl\gnu-libstdc++\4.4.3\libs\armeabi\libgnustl_static.a(eh_alloc.o)
                                 0x4c (size before relaxing)
 *fill*         0x0000f91e        0x2 00
 .rodata._ZTSN10__cxxabiv117__pbase_type_infoE
                0x0000f920       0x24 C:\Android\android-ndk-r8d\sources\cxx-stl\gnu-libstdc++\4.4.3\libs\armeabi\libgnustl_static.a(pbase_type_info.o)
                0x0000f920                typeinfo name for __cxxabiv1::__pbase_type_info
 .rodata.str1.4
                0x0000f944       0x92 C:\Android\android-ndk-r8d\sources\cxx-stl\gnu-libstdc++\4.4.3\libs\armeabi\libgnustl_static.a(vterminate.o)
                                 0x94 (size before relaxing)
 *fill*         0x0000f9d6        0x2 00
 .rodata.str1.4
                0x0000f9d8      0x69c C:\Android\android-ndk-r8d\sources\cxx-stl\gnu-libstdc++\4.4.3\libs\armeabi\libgnustl_static.a(cp-demangle.o)
                                0x6d0 (size before relaxing)

.rodata1
 *(.rodata1)

.ARM.extab      0x00010074      0x2d0
 *(.ARM.extab* .gnu.linkonce.armextab.*)
 .ARM.extab.text._Znaj
                0x00010074       0x20 C:\Android\android-ndk-r8d\sources\cxx-stl\gnu-libstdc++\4.4.3\libs\armeabi\libgnustl_static.a(new_opv.o)
 .ARM.extab.text.__cxa_call_unexpected
                0x00010094       0x2c C:\Android\android-ndk-r8d\sources\cxx-stl\gnu-libstdc++\4.4.3\libs\armeabi\libgnustl_static.a(eh_call.o)
 .ARM.extab.text.__cxa_begin_catch
                0x000100c0       0x20 C:\Android\android-ndk-r8d\sources\cxx-stl\gnu-libstdc++\4.4.3\libs\armeabi\libgnustl_static.a(eh_catch.o)
 .ARM.extab.text._ZN17__eh_globals_initD1Ev
                0x000100e0        0x0 C:\Android\android-ndk-r8d\sources\cxx-stl\gnu-libstdc++\4.4.3\libs\armeabi\libgnustl_static.a(eh_globals.o)
 .ARM.extab.text.__cxa_get_globals_fast
                0x000100e0       0x1c C:\Android\android-ndk-r8d\sources\cxx-stl\gnu-libstdc++\4.4.3\libs\armeabi\libgnustl_static.a(eh_globals.o)
 .ARM.extab.text.__cxa_get_globals
                0x000100fc       0x1c C:\Android\android-ndk-r8d\sources\cxx-stl\gnu-libstdc++\4.4.3\libs\armeabi\libgnustl_static.a(eh_globals.o)
 .ARM.extab.text.__gxx_personality_v0
                0x00010118       0x30 C:\Android\android-ndk-r8d\sources\cxx-stl\gnu-libstdc++\4.4.3\libs\armeabi\libgnustl_static.a(eh_personality.o)
 .ARM.extab.text._ZN10__cxxabiv111__terminateEPFvvE
                0x00010148       0x24 C:\Android\android-ndk-r8d\sources\cxx-stl\gnu-libstdc++\4.4.3\libs\armeabi\libgnustl_static.a(eh_terminate.o)
 .ARM.extab.text._ZSt9terminatev
                0x0001016c        0xc C:\Android\android-ndk-r8d\sources\cxx-stl\gnu-libstdc++\4.4.3\libs\armeabi\libgnustl_static.a(eh_terminate.o)
 .ARM.extab.text._ZN10__cxxabiv112__unexpectedEPFvvE
                0x00010178        0xc C:\Android\android-ndk-r8d\sources\cxx-stl\gnu-libstdc++\4.4.3\libs\armeabi\libgnustl_static.a(eh_terminate.o)
 .ARM.extab.text._ZSt10unexpectedv
                0x00010184        0xc C:\Android\android-ndk-r8d\sources\cxx-stl\gnu-libstdc++\4.4.3\libs\armeabi\libgnustl_static.a(eh_terminate.o)
 .ARM.extab.text.__cxa_rethrow
                0x00010190        0xc C:\Android\android-ndk-r8d\sources\cxx-stl\gnu-libstdc++\4.4.3\libs\armeabi\libgnustl_static.a(eh_throw.o)
 .ARM.extab.text.__cxa_throw
                0x0001019c        0xc C:\Android\android-ndk-r8d\sources\cxx-stl\gnu-libstdc++\4.4.3\libs\armeabi\libgnustl_static.a(eh_throw.o)
 .ARM.extab.text._ZL23__gxx_exception_cleanup19_Unwind_Reason_CodeP21_Unwind_Control_Block
                0x000101a8        0xc C:\Android\android-ndk-r8d\sources\cxx-stl\gnu-libstdc++\4.4.3\libs\armeabi\libgnustl_static.a(eh_throw.o)
 .ARM.extab.text._Znwj
                0x000101b4       0x24 C:\Android\android-ndk-r8d\sources\cxx-stl\gnu-libstdc++\4.4.3\libs\armeabi\libgnustl_static.a(new_op.o)
 .ARM.extab.text._ZNK9__gnu_cxx24__concurrence_lock_error4whatEv
                0x000101d8        0x0 C:\Android\android-ndk-r8d\sources\cxx-stl\gnu-libstdc++\4.4.3\libs\armeabi\libgnustl_static.a(eh_alloc.o)
 .ARM.extab.text._ZNK9__gnu_cxx26__concurrence_unlock_error4whatEv
                0x000101d8        0x0 C:\Android\android-ndk-r8d\sources\cxx-stl\gnu-libstdc++\4.4.3\libs\armeabi\libgnustl_static.a(eh_alloc.o)
 .ARM.extab.text._ZN9__gnu_cxx24__concurrence_lock_errorD1Ev
                0x000101d8        0x0 C:\Android\android-ndk-r8d\sources\cxx-stl\gnu-libstdc++\4.4.3\libs\armeabi\libgnustl_static.a(eh_alloc.o)
 .ARM.extab.text._ZN9__gnu_cxx26__concurrence_unlock_errorD1Ev
                0x000101d8        0x0 C:\Android\android-ndk-r8d\sources\cxx-stl\gnu-libstdc++\4.4.3\libs\armeabi\libgnustl_static.a(eh_alloc.o)
 .ARM.extab.text._ZN9__gnu_cxx13__scoped_lockD1Ev
                0x000101d8       0x1c C:\Android\android-ndk-r8d\sources\cxx-stl\gnu-libstdc++\4.4.3\libs\armeabi\libgnustl_static.a(eh_alloc.o)
 .ARM.extab.text._ZN9__gnu_cxx26__concurrence_unlock_errorD0Ev
                0x000101f4        0x0 C:\Android\android-ndk-r8d\sources\cxx-stl\gnu-libstdc++\4.4.3\libs\armeabi\libgnustl_static.a(eh_alloc.o)
 .ARM.extab.text._ZN9__gnu_cxx24__concurrence_lock_errorD0Ev
                0x000101f4        0x0 C:\Android\android-ndk-r8d\sources\cxx-stl\gnu-libstdc++\4.4.3\libs\armeabi\libgnustl_static.a(eh_alloc.o)
 .ARM.extab.text.__cxa_free_dependent_exception
                0x000101f4       0x38 C:\Android\android-ndk-r8d\sources\cxx-stl\gnu-libstdc++\4.4.3\libs\armeabi\libgnustl_static.a(eh_alloc.o)
 .ARM.extab.text.__cxa_free_exception
                0x0001022c       0x38 C:\Android\android-ndk-r8d\sources\cxx-stl\gnu-libstdc++\4.4.3\libs\armeabi\libgnustl_static.a(eh_alloc.o)
 .ARM.extab.text.__cxa_allocate_dependent_exception
                0x00010264       0x34 C:\Android\android-ndk-r8d\sources\cxx-stl\gnu-libstdc++\4.4.3\libs\armeabi\libgnustl_static.a(eh_alloc.o)
 .ARM.extab.text.__cxa_allocate_exception
                0x00010298       0x40 C:\Android\android-ndk-r8d\sources\cxx-stl\gnu-libstdc++\4.4.3\libs\armeabi\libgnustl_static.a(eh_alloc.o)
 .ARM.extab.text._ZNK10__cxxabiv117__pbase_type_info15__pointer_catchEPKS0_PPvj
                0x000102d8        0x0 C:\Android\android-ndk-r8d\sources\cxx-stl\gnu-libstdc++\4.4.3\libs\armeabi\libgnustl_static.a(pbase_type_info.o)
 .ARM.extab.text._ZN9__gnu_cxx27__verbose_terminate_handlerEv
                0x000102d8       0x3c C:\Android\android-ndk-r8d\sources\cxx-stl\gnu-libstdc++\4.4.3\libs\armeabi\libgnustl_static.a(vterminate.o)
 .ARM.extab     0x00010314        0xc C:\Android\android-ndk-r8d\sources\cxx-stl\gnu-libstdc++\4.4.3\libs\armeabi\libgnustl_static.a(cp-demangle.o)
 .ARM.extab     0x00010320       0x24 c:/Android/android-ndk-r8d/toolchains/arm-linux-androideabi-4.4.3/prebuilt/windows/bin/../lib/gcc/arm-linux-androideabi/4.4.3\libgcc.a(unwind-arm.o)
                0x00010344                __exidx_start = .

.ARM.exidx      0x00010344      0x590
 *(.ARM.exidx* .gnu.linkonce.armexidx.*)
 .ARM.exidx.text._Znaj
                0x00010344        0x8 C:\Android\android-ndk-r8d\sources\cxx-stl\gnu-libstdc++\4.4.3\libs\armeabi\libgnustl_static.a(new_opv.o)
 .ARM.exidx.text.__cxa_type_match
                0x0001034c        0x8 C:\Android\android-ndk-r8d\sources\cxx-stl\gnu-libstdc++\4.4.3\libs\armeabi\libgnustl_static.a(eh_arm.o)
 .ARM.exidx.text.__cxa_begin_cleanup
                0x00010354        0x8 C:\Android\android-ndk-r8d\sources\cxx-stl\gnu-libstdc++\4.4.3\libs\armeabi\libgnustl_static.a(eh_arm.o)
 .ARM.exidx.text.__gnu_end_cleanup
                0x0001035c        0x8 C:\Android\android-ndk-r8d\sources\cxx-stl\gnu-libstdc++\4.4.3\libs\armeabi\libgnustl_static.a(eh_arm.o)
 .ARM.exidx.text.__cxa_bad_typeid
                0x00010364        0x8 C:\Android\android-ndk-r8d\sources\cxx-stl\gnu-libstdc++\4.4.3\libs\armeabi\libgnustl_static.a(eh_aux_runtime.o)
 .ARM.exidx.text.__cxa_bad_cast
                0x0001036c        0x8 C:\Android\android-ndk-r8d\sources\cxx-stl\gnu-libstdc++\4.4.3\libs\armeabi\libgnustl_static.a(eh_aux_runtime.o)
 .ARM.exidx.text.__cxa_call_terminate
                0x00010374        0x8 C:\Android\android-ndk-r8d\sources\cxx-stl\gnu-libstdc++\4.4.3\libs\armeabi\libgnustl_static.a(eh_call.o)
 .ARM.exidx.text.__cxa_call_unexpected
                0x0001037c        0x8 C:\Android\android-ndk-r8d\sources\cxx-stl\gnu-libstdc++\4.4.3\libs\armeabi\libgnustl_static.a(eh_call.o)
 .ARM.exidx.text.__cxa_get_exception_ptr
                0x00010384        0x8 C:\Android\android-ndk-r8d\sources\cxx-stl\gnu-libstdc++\4.4.3\libs\armeabi\libgnustl_static.a(eh_catch.o)
 .ARM.exidx.text._ZSt18uncaught_exceptionv
                0x0001038c        0x8 C:\Android\android-ndk-r8d\sources\cxx-stl\gnu-libstdc++\4.4.3\libs\armeabi\libgnustl_static.a(eh_catch.o)
 .ARM.exidx.text.__cxa_end_catch
                0x00010394        0x8 C:\Android\android-ndk-r8d\sources\cxx-stl\gnu-libstdc++\4.4.3\libs\armeabi\libgnustl_static.a(eh_catch.o)
 .ARM.exidx.text.__cxa_begin_catch
                0x0001039c        0x8 C:\Android\android-ndk-r8d\sources\cxx-stl\gnu-libstdc++\4.4.3\libs\armeabi\libgnustl_static.a(eh_catch.o)
 .ARM.exidx.text._ZNSt9exceptionD2Ev
                0x000103a4        0x8 C:\Android\android-ndk-r8d\sources\cxx-stl\gnu-libstdc++\4.4.3\libs\armeabi\libgnustl_static.a(eh_exception.o)
 .ARM.exidx.text._ZNSt9exceptionD1Ev
                0x000103ac        0x8 C:\Android\android-ndk-r8d\sources\cxx-stl\gnu-libstdc++\4.4.3\libs\armeabi\libgnustl_static.a(eh_exception.o)
 .ARM.exidx.text._ZNSt13bad_exceptionD2Ev
                0x000103b4        0x8 C:\Android\android-ndk-r8d\sources\cxx-stl\gnu-libstdc++\4.4.3\libs\armeabi\libgnustl_static.a(eh_exception.o)
 .ARM.exidx.text._ZNSt13bad_exceptionD1Ev
                0x000103bc        0x8 C:\Android\android-ndk-r8d\sources\cxx-stl\gnu-libstdc++\4.4.3\libs\armeabi\libgnustl_static.a(eh_exception.o)
 .ARM.exidx.text._ZN10__cxxabiv115__forced_unwindD2Ev
                0x000103c4        0x8 C:\Android\android-ndk-r8d\sources\cxx-stl\gnu-libstdc++\4.4.3\libs\armeabi\libgnustl_static.a(eh_exception.o)
 .ARM.exidx.text._ZN10__cxxabiv115__forced_unwindD1Ev
                0x000103cc        0x8 C:\Android\android-ndk-r8d\sources\cxx-stl\gnu-libstdc++\4.4.3\libs\armeabi\libgnustl_static.a(eh_exception.o)
 .ARM.exidx.text._ZN10__cxxabiv119__foreign_exceptionD2Ev
                0x000103d4        0x8 C:\Android\android-ndk-r8d\sources\cxx-stl\gnu-libstdc++\4.4.3\libs\armeabi\libgnustl_static.a(eh_exception.o)
 .ARM.exidx.text._ZN10__cxxabiv119__foreign_exceptionD1Ev
                0x000103dc        0x8 C:\Android\android-ndk-r8d\sources\cxx-stl\gnu-libstdc++\4.4.3\libs\armeabi\libgnustl_static.a(eh_exception.o)
 .ARM.exidx.text._ZNKSt9exception4whatEv
                0x000103e4        0x8 C:\Android\android-ndk-r8d\sources\cxx-stl\gnu-libstdc++\4.4.3\libs\armeabi\libgnustl_static.a(eh_exception.o)
 .ARM.exidx.text._ZNKSt13bad_exception4whatEv
                0x000103ec        0x8 C:\Android\android-ndk-r8d\sources\cxx-stl\gnu-libstdc++\4.4.3\libs\armeabi\libgnustl_static.a(eh_exception.o)
 .ARM.exidx.text._ZN10__cxxabiv119__foreign_exceptionD0Ev
                0x000103f4        0x8 C:\Android\android-ndk-r8d\sources\cxx-stl\gnu-libstdc++\4.4.3\libs\armeabi\libgnustl_static.a(eh_exception.o)
 .ARM.exidx.text._ZN10__cxxabiv115__forced_unwindD0Ev
                0x000103fc        0x8 C:\Android\android-ndk-r8d\sources\cxx-stl\gnu-libstdc++\4.4.3\libs\armeabi\libgnustl_static.a(eh_exception.o)
 .ARM.exidx.text._ZNSt9exceptionD0Ev
                0x00010404        0x8 C:\Android\android-ndk-r8d\sources\cxx-stl\gnu-libstdc++\4.4.3\libs\armeabi\libgnustl_static.a(eh_exception.o)
 .ARM.exidx.text._ZNSt13bad_exceptionD0Ev
                0x0001040c        0x8 C:\Android\android-ndk-r8d\sources\cxx-stl\gnu-libstdc++\4.4.3\libs\armeabi\libgnustl_static.a(eh_exception.o)
 .ARM.exidx.text._GLOBAL__I_eh_globals.cc
                0x00010414        0x8 C:\Android\android-ndk-r8d\sources\cxx-stl\gnu-libstdc++\4.4.3\libs\armeabi\libgnustl_static.a(eh_globals.o)
 .ARM.exidx.text._ZL15eh_globals_dtorPv
                0x0001041c        0x8 C:\Android\android-ndk-r8d\sources\cxx-stl\gnu-libstdc++\4.4.3\libs\armeabi\libgnustl_static.a(eh_globals.o)
 .ARM.exidx.text._ZN17__eh_globals_initD1Ev
                0x00010424        0x8 C:\Android\android-ndk-r8d\sources\cxx-stl\gnu-libstdc++\4.4.3\libs\armeabi\libgnustl_static.a(eh_globals.o)
 .ARM.exidx.text.__cxa_get_globals_fast
                0x0001042c        0x8 C:\Android\android-ndk-r8d\sources\cxx-stl\gnu-libstdc++\4.4.3\libs\armeabi\libgnustl_static.a(eh_globals.o)
 .ARM.exidx.text.__cxa_get_globals
                0x00010434        0x8 C:\Android\android-ndk-r8d\sources\cxx-stl\gnu-libstdc++\4.4.3\libs\armeabi\libgnustl_static.a(eh_globals.o)
 .ARM.exidx.text._ZL12read_sleb128PKhPl
                0x0001043c        0x8 C:\Android\android-ndk-r8d\sources\cxx-stl\gnu-libstdc++\4.4.3\libs\armeabi\libgnustl_static.a(eh_personality.o)
 .ARM.exidx.text._ZL21base_of_encoded_valuehP15_Unwind_Context
                0x00010444        0x8 C:\Android\android-ndk-r8d\sources\cxx-stl\gnu-libstdc++\4.4.3\libs\armeabi\libgnustl_static.a(eh_personality.o)
 .ARM.exidx.text._ZL17parse_lsda_headerP15_Unwind_ContextPKhP16lsda_header_info
                0x0001044c        0x8 C:\Android\android-ndk-r8d\sources\cxx-stl\gnu-libstdc++\4.4.3\libs\armeabi\libgnustl_static.a(eh_personality.o)
 .ARM.exidx.text.__gxx_personality_v0
                0x00010454        0x8 C:\Android\android-ndk-r8d\sources\cxx-stl\gnu-libstdc++\4.4.3\libs\armeabi\libgnustl_static.a(eh_personality.o)
 .ARM.exidx.text._ZSt13set_terminatePFvvE
                0x0001045c        0x8 C:\Android\android-ndk-r8d\sources\cxx-stl\gnu-libstdc++\4.4.3\libs\armeabi\libgnustl_static.a(eh_terminate.o)
 .ARM.exidx.text._ZSt14set_unexpectedPFvvE
                0x00010464        0x8 C:\Android\android-ndk-r8d\sources\cxx-stl\gnu-libstdc++\4.4.3\libs\armeabi\libgnustl_static.a(eh_terminate.o)
 .ARM.exidx.text._ZN10__cxxabiv111__terminateEPFvvE
                0x0001046c        0x8 C:\Android\android-ndk-r8d\sources\cxx-stl\gnu-libstdc++\4.4.3\libs\armeabi\libgnustl_static.a(eh_terminate.o)
 .ARM.exidx.text._ZSt9terminatev
                0x00010474        0x8 C:\Android\android-ndk-r8d\sources\cxx-stl\gnu-libstdc++\4.4.3\libs\armeabi\libgnustl_static.a(eh_terminate.o)
 .ARM.exidx.text._ZN10__cxxabiv112__unexpectedEPFvvE
                0x0001047c        0x8 C:\Android\android-ndk-r8d\sources\cxx-stl\gnu-libstdc++\4.4.3\libs\armeabi\libgnustl_static.a(eh_terminate.o)
 .ARM.exidx.text._ZSt10unexpectedv
                0x00010484        0x8 C:\Android\android-ndk-r8d\sources\cxx-stl\gnu-libstdc++\4.4.3\libs\armeabi\libgnustl_static.a(eh_terminate.o)
 .ARM.exidx.text.__cxa_rethrow
                0x0001048c        0x8 C:\Android\android-ndk-r8d\sources\cxx-stl\gnu-libstdc++\4.4.3\libs\armeabi\libgnustl_static.a(eh_throw.o)
 .ARM.exidx.text.__cxa_throw